[11.520s] DEBUG:colcon:Command line arguments: ['/usr/bin/colcon', 'build']
[11.520s] DEBUG:colcon:Parsed command line arguments: Namespace(allow_overriding=[], ament_cmake_args=None, base_paths=['.'], build_base='build', catkin_cmake_args=None, catkin_skip_building_tests=False, cmake_args=None, cmake_clean_cache=False, cmake_clean_first=False, cmake_force_configure=False, cmake_target=None, cmake_target_skip_unavailable=False, continue_on_error=False, event_handlers=None, executor='parallel', ignore_user_meta=False, install_base='install', log_base=None, log_level=None, main=<bound method BuildVerb.main of <colcon_core.verb.build.BuildVerb object at 0x7f94252eb0>>, merge_install=False, metas=['./colcon.meta'], packages_above=None, packages_above_and_dependencies=None, packages_above_depth=None, packages_end=None, packages_ignore=None, packages_ignore_regex=None, packages_select=None, packages_select_build_failed=False, packages_select_by_dep=None, packages_select_regex=None, packages_select_test_failures=False, packages_skip=None, packages_skip_build_finished=False, packages_skip_by_dep=None, packages_skip_regex=None, packages_skip_test_passed=False, packages_skip_up_to=None, packages_start=None, packages_up_to=None, packages_up_to_regex=None, parallel_workers=4, paths=None, symlink_install=False, test_result_base=None, verb_extension=<colcon_core.verb.build.BuildVerb object at 0x7f94252eb0>, verb_name='build', verb_parser=<colcon_defaults.argument_parser.defaults.DefaultArgumentsDecorator object at 0x7f94214d90>)
[12.022s] Level 1:colcon.colcon_core.package_discovery:discover_packages(colcon_meta) check parameters
[12.023s] Level 1:colcon.colcon_core.package_discovery:discover_packages(recursive) check parameters
[12.023s] Level 1:colcon.colcon_core.package_discovery:discover_packages(ignore) check parameters
[12.023s] Level 1:colcon.colcon_core.package_discovery:discover_packages(path) check parameters
[12.023s] Level 1:colcon.colcon_core.package_discovery:discover_packages(colcon_meta) discover
[12.023s] Level 1:colcon.colcon_core.package_discovery:discover_packages(recursive) discover
[12.024s] INFO:colcon.colcon_core.package_discovery:Crawling recursively for packages in '/home/puzzlebot/Fantastic4/src/Camara'
[12.024s] Level 1:colcon.colcon_core.package_identification:_identify(.) by extensions ['ignore', 'ignore_ament_install']
[12.024s] Level 1:colcon.colcon_core.package_identification:_identify(.) by extension 'ignore'
[12.025s] Level 1:colcon.colcon_core.package_identification:_identify(.) by extension 'ignore_ament_install'
[12.025s] Level 1:colcon.colcon_core.package_identification:_identify(.) by extensions ['colcon_pkg']
[12.025s] Level 1:colcon.colcon_core.package_identification:_identify(.) by extension 'colcon_pkg'
[12.025s] Level 1:colcon.colcon_core.package_identification:_identify(.) by extensions ['colcon_meta']
[12.025s] Level 1:colcon.colcon_core.package_identification:_identify(.) by extension 'colcon_meta'
[12.026s] Level 1:colcon.colcon_core.package_identification:_identify(.) by extensions ['ros']
[12.026s] Level 1:colcon.colcon_core.package_identification:_identify(.) by extension 'ros'
[12.070s] Level 1:colcon.colcon_core.package_identification:_identify(.) by extensions ['cmake', 'python']
[12.071s] Level 1:colcon.colcon_core.package_identification:_identify(.) by extension 'cmake'
[12.071s] Level 1:colcon.colcon_core.package_identification:_identify(.) by extension 'python'
[12.071s] Level 1:colcon.colcon_core.package_identification:_identify(.) by extensions ['python_setup_py']
[12.071s] Level 1:colcon.colcon_core.package_identification:_identify(.) by extension 'python_setup_py'
[12.072s] Level 1:colcon.colcon_core.package_identification:_identify(build) by extensions ['ignore', 'ignore_ament_install']
[12.072s] Level 1:colcon.colcon_core.package_identification:_identify(build) by extension 'ignore'
[12.072s] Level 1:colcon.colcon_core.package_identification:_identify(build) ignored
[12.073s] Level 1:colcon.colcon_core.package_identification:_identify(install) by extensions ['ignore', 'ignore_ament_install']
[12.073s] Level 1:colcon.colcon_core.package_identification:_identify(install) by extension 'ignore'
[12.073s] Level 1:colcon.colcon_core.package_identification:_identify(install) ignored
[12.074s] Level 1:colcon.colcon_core.package_identification:_identify(log) by extensions ['ignore', 'ignore_ament_install']
[12.074s] Level 1:colcon.colcon_core.package_identification:_identify(log) by extension 'ignore'
[12.074s] Level 1:colcon.colcon_core.package_identification:_identify(log) ignored
[12.075s] Level 1:colcon.colcon_core.package_identification:_identify(src) by extensions ['ignore', 'ignore_ament_install']
[12.075s] Level 1:colcon.colcon_core.package_identification:_identify(src) by extension 'ignore'
[12.076s] Level 1:colcon.colcon_core.package_identification:_identify(src) by extension 'ignore_ament_install'
[12.076s] Level 1:colcon.colcon_core.package_identification:_identify(src) by extensions ['colcon_pkg']
[12.076s] Level 1:colcon.colcon_core.package_identification:_identify(src) by extension 'colcon_pkg'
[12.076s] Level 1:colcon.colcon_core.package_identification:_identify(src) by extensions ['colcon_meta']
[12.076s] Level 1:colcon.colcon_core.package_identification:_identify(src) by extension 'colcon_meta'
[12.076s] Level 1:colcon.colcon_core.package_identification:_identify(src) by extensions ['ros']
[12.077s] Level 1:colcon.colcon_core.package_identification:_identify(src) by extension 'ros'
[12.077s] Level 1:colcon.colcon_core.package_identification:_identify(src) by extensions ['cmake', 'python']
[12.077s] Level 1:colcon.colcon_core.package_identification:_identify(src) by extension 'cmake'
[12.077s] Level 1:colcon.colcon_core.package_identification:_identify(src) by extension 'python'
[12.077s] Level 1:colcon.colcon_core.package_identification:_identify(src) by extensions ['python_setup_py']
[12.078s] Level 1:colcon.colcon_core.package_identification:_identify(src) by extension 'python_setup_py'
[12.078s] Level 1:colcon.colcon_core.package_identification:_identify(src/camara) by extensions ['ignore', 'ignore_ament_install']
[12.078s] Level 1:colcon.colcon_core.package_identification:_identify(src/camara) by extension 'ignore'
[12.079s] Level 1:colcon.colcon_core.package_identification:_identify(src/camara) by extension 'ignore_ament_install'
[12.079s] Level 1:colcon.colcon_core.package_identification:_identify(src/camara) by extensions ['colcon_pkg']
[12.079s] Level 1:colcon.colcon_core.package_identification:_identify(src/camara) by extension 'colcon_pkg'
[12.079s] Level 1:colcon.colcon_core.package_identification:_identify(src/camara) by extensions ['colcon_meta']
[12.079s] Level 1:colcon.colcon_core.package_identification:_identify(src/camara) by extension 'colcon_meta'
[12.079s] Level 1:colcon.colcon_core.package_identification:_identify(src/camara) by extensions ['ros']
[12.080s] Level 1:colcon.colcon_core.package_identification:_identify(src/camara) by extension 'ros'
[12.090s] DEBUG:colcon.colcon_core.package_identification:Package 'src/camara' with type 'ros.ament_python' and name 'camara'
[12.090s] Level 1:colcon.colcon_core.package_discovery:discover_packages(recursive) using defaults
[12.090s] Level 1:colcon.colcon_core.package_discovery:discover_packages(ignore) discover
[12.090s] Level 1:colcon.colcon_core.package_discovery:discover_packages(ignore) using defaults
[12.090s] Level 1:colcon.colcon_core.package_discovery:discover_packages(path) discover
[12.090s] Level 1:colcon.colcon_core.package_discovery:discover_packages(path) using defaults
[13.131s] Level 1:colcon.colcon_core.package_discovery:discover_packages(prefix_path) check parameters
[13.131s] Level 1:colcon.colcon_core.package_discovery:discover_packages(prefix_path) discover
[13.532s] DEBUG:colcon.colcon_installed_package_information.package_discovery:Found 4 installed packages in /home/puzzlebot/Fantastic4/install
[13.729s] DEBUG:colcon.colcon_installed_package_information.package_discovery:Found 1 installed packages in /home/puzzlebot/Fantastic4/src/Camara/install
[13.927s] DEBUG:colcon.colcon_installed_package_information.package_discovery:Found 1 installed packages in /home/puzzlebot/ros2_ws/install
[14.161s] DEBUG:colcon.colcon_installed_package_information.package_discovery:Found 1 installed packages in /home/puzzlebot/Fantastic4/src/ChallengeSem3/controlador/install
[14.357s] DEBUG:colcon.colcon_installed_package_information.package_discovery:Found 5 installed packages in /home/puzzlebot/ros2_packages_ws/install
[14.560s] DEBUG:colcon.colcon_installed_package_information.package_discovery:Found 276 installed packages in /opt/ros/humble
[14.568s] Level 1:colcon.colcon_core.package_discovery:discover_packages(prefix_path) using defaults
[15.452s] Level 5:colcon.colcon_core.verb:set package 'camara' build argument 'cmake_args' from command line to 'None'
[15.453s] Level 5:colcon.colcon_core.verb:set package 'camara' build argument 'cmake_target' from command line to 'None'
[15.453s] Level 5:colcon.colcon_core.verb:set package 'camara' build argument 'cmake_target_skip_unavailable' from command line to 'False'
[15.453s] Level 5:colcon.colcon_core.verb:set package 'camara' build argument 'cmake_clean_cache' from command line to 'False'
[15.453s] Level 5:colcon.colcon_core.verb:set package 'camara' build argument 'cmake_clean_first' from command line to 'False'
[15.453s] Level 5:colcon.colcon_core.verb:set package 'camara' build argument 'cmake_force_configure' from command line to 'False'
[15.453s] Level 5:colcon.colcon_core.verb:set package 'camara' build argument 'ament_cmake_args' from command line to 'None'
[15.454s] Level 5:colcon.colcon_core.verb:set package 'camara' build argument 'catkin_cmake_args' from command line to 'None'
[15.454s] Level 5:colcon.colcon_core.verb:set package 'camara' build argument 'catkin_skip_building_tests' from command line to 'False'
[15.454s] DEBUG:colcon.colcon_core.verb:Building package 'camara' with the following arguments: {'ament_cmake_args': None, 'build_base': '/home/puzzlebot/Fantastic4/src/Camara/build/camara', 'catkin_cmake_args': None, 'catkin_skip_building_tests': False, 'cmake_args': None, 'cmake_clean_cache': False, 'cmake_clean_first': False, 'cmake_force_configure': False, 'cmake_target': None, 'cmake_target_skip_unavailable': False, 'install_base': '/home/puzzlebot/Fantastic4/src/Camara/install/camara', 'merge_install': False, 'path': '/home/puzzlebot/Fantastic4/src/Camara/src/camara', 'symlink_install': False, 'test_result_base': None}
[15.645s] INFO:colcon.colcon_core.executor:Executing jobs using 'parallel' executor
[15.844s] DEBUG:colcon.colcon_parallel_executor.executor.parallel:run_until_complete
[15.845s] INFO:colcon.colcon_ros.task.ament_python.build:Building ROS package in '/home/puzzlebot/Fantastic4/src/Camara/src/camara' with build type 'ament_python'
[15.845s] Level 1:colcon.colcon_core.shell:create_environment_hook('camara', 'ament_prefix_path')
[16.053s] INFO:colcon.colcon_core.plugin_system:Skipping extension 'colcon_core.shell.bat': Not used on non-Windows systems
[16.054s] INFO:colcon.colcon_core.shell:Creating environment hook '/home/puzzlebot/Fantastic4/src/Camara/install/camara/share/camara/hook/ament_prefix_path.ps1'
[16.056s] INFO:colcon.colcon_core.shell:Creating environment descriptor '/home/puzzlebot/Fantastic4/src/Camara/install/camara/share/camara/hook/ament_prefix_path.dsv'
[16.057s] INFO:colcon.colcon_core.shell:Creating environment hook '/home/puzzlebot/Fantastic4/src/Camara/install/camara/share/camara/hook/ament_prefix_path.sh'
[16.262s] INFO:colcon.colcon_core.shell:Skip shell extension 'powershell' for command environment: Not usable outside of PowerShell
[16.262s] DEBUG:colcon.colcon_core.shell:Skip shell extension 'dsv' for command environment
[18.834s] INFO:colcon.colcon_core.task.python.build:Building Python package in '/home/puzzlebot/Fantastic4/src/Camara/src/camara'
[19.040s] INFO:colcon.colcon_core.shell:Skip shell extension 'powershell' for command environment: Not usable outside of PowerShell
[19.040s] DEBUG:colcon.colcon_core.shell:Skip shell extension 'dsv' for command environment
[22.309s] DEBUG:colcon.colcon_core.event_handler.log_command:Invoking command in '/home/puzzlebot/Fantastic4/src/Camara/src/camara': PYTHONPATH=/home/puzzlebot/Fantastic4/src/Camara/build/camara/prefix_override:/home/puzzlebot/Fantastic4/src/Camara/install/camara/lib/python3.8/site-packages:${PYTHONPATH} /usr/bin/python3 setup.py egg_info --egg-base ../../build/camara build --build-base /home/puzzlebot/Fantastic4/src/Camara/build/camara/build install --record /home/puzzlebot/Fantastic4/src/Camara/build/camara/install.log --single-version-externally-managed
[23.719s] DEBUG:colcon.colcon_core.event_handler.log_command:Invoked command in '/home/puzzlebot/Fantastic4/src/Camara/src/camara' returned '0': PYTHONPATH=/home/puzzlebot/Fantastic4/src/Camara/build/camara/prefix_override:/home/puzzlebot/Fantastic4/src/Camara/install/camara/lib/python3.8/site-packages:${PYTHONPATH} /usr/bin/python3 setup.py egg_info --egg-base ../../build/camara build --build-base /home/puzzlebot/Fantastic4/src/Camara/build/camara/build install --record /home/puzzlebot/Fantastic4/src/Camara/build/camara/install.log --single-version-externally-managed
[23.933s] Level 1:colcon.colcon_core.environment:checking '/home/puzzlebot/Fantastic4/src/Camara/install/camara' for CMake module files
[23.936s] Level 1:colcon.colcon_core.environment:checking '/home/puzzlebot/Fantastic4/src/Camara/install/camara' for CMake config files
[23.939s] Level 1:colcon.colcon_core.environment:checking '/home/puzzlebot/Fantastic4/src/Camara/install/camara/lib'
[23.939s] Level 1:colcon.colcon_core.environment:checking '/home/puzzlebot/Fantastic4/src/Camara/install/camara/bin'
[23.940s] Level 1:colcon.colcon_core.environment:checking '/home/puzzlebot/Fantastic4/src/Camara/install/camara/lib/pkgconfig/camara.pc'
[23.940s] Level 1:colcon.colcon_core.environment:checking '/home/puzzlebot/Fantastic4/src/Camara/install/camara/lib/python3.8/site-packages'
[23.941s] Level 1:colcon.colcon_core.shell:create_environment_hook('camara', 'pythonpath')
[24.149s] INFO:colcon.colcon_core.shell:Creating environment hook '/home/puzzlebot/Fantastic4/src/Camara/install/camara/share/camara/hook/pythonpath.ps1'
[24.151s] INFO:colcon.colcon_core.shell:Creating environment descriptor '/home/puzzlebot/Fantastic4/src/Camara/install/camara/share/camara/hook/pythonpath.dsv'
[24.152s] INFO:colcon.colcon_core.shell:Creating environment hook '/home/puzzlebot/Fantastic4/src/Camara/install/camara/share/camara/hook/pythonpath.sh'
[24.154s] Level 1:colcon.colcon_core.environment:checking '/home/puzzlebot/Fantastic4/src/Camara/install/camara/bin'
[24.154s] Level 1:colcon.colcon_core.environment:create_environment_scripts_only(camara)
[24.360s] INFO:colcon.colcon_core.shell:Creating package script '/home/puzzlebot/Fantastic4/src/Camara/install/camara/share/camara/package.ps1'
[24.365s] INFO:colcon.colcon_core.shell:Creating package descriptor '/home/puzzlebot/Fantastic4/src/Camara/install/camara/share/camara/package.dsv'
[24.367s] INFO:colcon.colcon_core.shell:Creating package script '/home/puzzlebot/Fantastic4/src/Camara/install/camara/share/camara/package.sh'
[24.370s] INFO:colcon.colcon_core.shell:Creating package script '/home/puzzlebot/Fantastic4/src/Camara/install/camara/share/camara/package.bash'
[24.373s] INFO:colcon.colcon_core.shell:Creating package script '/home/puzzlebot/Fantastic4/src/Camara/install/camara/share/camara/package.zsh'
[24.376s] Level 1:colcon.colcon_core.environment:create_file_with_runtime_dependencies(/home/puzzlebot/Fantastic4/src/Camara/install/camara/share/colcon-core/packages/camara)
[24.377s] DEBUG:colcon.colcon_parallel_executor.executor.parallel:closing loop
[24.378s] DEBUG:colcon.colcon_parallel_executor.executor.parallel:loop closed
[24.378s] DEBUG:colcon.colcon_parallel_executor.executor.parallel:run_until_complete finished with '0'
[24.378s] DEBUG:colcon.colcon_core.event_reactor:joining thread
[24.600s] INFO:colcon.colcon_core.plugin_system:Skipping extension 'colcon_notification.desktop_notification.terminal_notifier': Not used on non-Darwin systems
[24.600s] INFO:colcon.colcon_core.plugin_system:Skipping extension 'colcon_notification.desktop_notification.win32': Not used on non-Windows systems
[24.600s] INFO:colcon.colcon_notification.desktop_notification:Sending desktop notification using 'notify2'
[24.642s] DEBUG:colcon.colcon_core.event_reactor:joined thread
[24.865s] INFO:colcon.colcon_core.shell:Creating prefix script '/home/puzzlebot/Fantastic4/src/Camara/install/local_setup.ps1'
[24.868s] INFO:colcon.colcon_core.shell:Creating prefix util module '/home/puzzlebot/Fantastic4/src/Camara/install/_local_setup_util_ps1.py'
[24.874s] INFO:colcon.colcon_core.shell:Creating prefix chain script '/home/puzzlebot/Fantastic4/src/Camara/install/setup.ps1'
[25.080s] INFO:colcon.colcon_core.shell:Creating prefix script '/home/puzzlebot/Fantastic4/src/Camara/install/local_setup.sh'
[25.082s] INFO:colcon.colcon_core.shell:Creating prefix util module '/home/puzzlebot/Fantastic4/src/Camara/install/_local_setup_util_sh.py'
[25.084s] INFO:colcon.colcon_core.shell:Creating prefix chain script '/home/puzzlebot/Fantastic4/src/Camara/install/setup.sh'
[25.290s] INFO:colcon.colcon_core.shell:Creating prefix script '/home/puzzlebot/Fantastic4/src/Camara/install/local_setup.bash'
[25.292s] INFO:colcon.colcon_core.shell:Creating prefix chain script '/home/puzzlebot/Fantastic4/src/Camara/install/setup.bash'
[25.499s] INFO:colcon.colcon_core.shell:Creating prefix script '/home/puzzlebot/Fantastic4/src/Camara/install/local_setup.zsh'
[25.501s] INFO:colcon.colcon_core.shell:Creating prefix chain script '/home/puzzlebot/Fantastic4/src/Camara/install/setup.zsh'
