[0.095s] DEBUG:colcon:Command line arguments: ['/usr/bin/colcon', 'build']
[0.095s] DEBUG:colcon:Parsed command line arguments: Namespace(log_base=None, log_level=None, verb_name='build', build_base='build', install_base='install', merge_install=False, symlink_install=False, test_result_base=None, continue_on_error=False, executor='parallel', parallel_workers=16, event_handlers=None, ignore_user_meta=False, metas=['./colcon.meta'], base_paths=['.'], packages_ignore=None, packages_ignore_regex=None, paths=None, packages_up_to=None, packages_up_to_regex=None, packages_above=None, packages_above_and_dependencies=None, packages_above_depth=None, packages_select_by_dep=None, packages_skip_by_dep=None, packages_skip_up_to=None, packages_select_build_failed=False, packages_skip_build_finished=False, packages_select_test_failures=False, packages_skip_test_passed=False, packages_select=None, packages_skip=None, packages_select_regex=None, packages_skip_regex=None, packages_start=None, packages_end=None, allow_overriding=[], cmake_args=None, cmake_target=None, cmake_target_skip_unavailable=False, cmake_clean_cache=False, cmake_clean_first=False, cmake_force_configure=False, ament_cmake_args=None, catkin_cmake_args=None, catkin_skip_building_tests=False, mixin_files=None, mixin=None, verb_parser=<colcon_mixin.mixin.mixin_argument.MixinArgumentDecorator object at 0x79560e088340>, verb_extension=<colcon_core.verb.build.BuildVerb object at 0x79560e04bd30>, main=<bound method BuildVerb.main of <colcon_core.verb.build.BuildVerb object at 0x79560e04bd30>>, mixin_verb=('build',))
[0.246s] Level 1:colcon.colcon_core.package_discovery:discover_packages(colcon_meta) check parameters
[0.246s] Level 1:colcon.colcon_core.package_discovery:discover_packages(recursive) check parameters
[0.246s] Level 1:colcon.colcon_core.package_discovery:discover_packages(ignore) check parameters
[0.246s] Level 1:colcon.colcon_core.package_discovery:discover_packages(path) check parameters
[0.246s] Level 1:colcon.colcon_core.package_discovery:discover_packages(colcon_meta) discover
[0.246s] Level 1:colcon.colcon_core.package_discovery:discover_packages(recursive) discover
[0.246s] INFO:colcon.colcon_core.package_discovery:Crawling recursively for packages in '/home/darhf/implementacion_robotica/lectura_camara/camara'
[0.246s] Level 1:colcon.colcon_core.package_identification:_identify(.) by extensions ['ignore', 'ignore_ament_install']
[0.247s] Level 1:colcon.colcon_core.package_identification:_identify(.) by extension 'ignore'
[0.247s] Level 1:colcon.colcon_core.package_identification:_identify(.) by extension 'ignore_ament_install'
[0.247s] Level 1:colcon.colcon_core.package_identification:_identify(.) by extensions ['colcon_pkg']
[0.247s] Level 1:colcon.colcon_core.package_identification:_identify(.) by extension 'colcon_pkg'
[0.247s] Level 1:colcon.colcon_core.package_identification:_identify(.) by extensions ['colcon_meta']
[0.247s] Level 1:colcon.colcon_core.package_identification:_identify(.) by extension 'colcon_meta'
[0.247s] Level 1:colcon.colcon_core.package_identification:_identify(.) by extensions ['ros']
[0.247s] Level 1:colcon.colcon_core.package_identification:_identify(.) by extension 'ros'
[0.274s] Level 1:colcon.colcon_core.package_identification:_identify(.) by extensions ['cmake', 'python']
[0.275s] Level 1:colcon.colcon_core.package_identification:_identify(.) by extension 'cmake'
[0.275s] Level 1:colcon.colcon_core.package_identification:_identify(.) by extension 'python'
[0.275s] Level 1:colcon.colcon_core.package_identification:_identify(.) by extensions ['python_setup_py']
[0.275s] Level 1:colcon.colcon_core.package_identification:_identify(.) by extension 'python_setup_py'
[0.275s] Level 1:colcon.colcon_core.package_identification:_identify(build) by extensions ['ignore', 'ignore_ament_install']
[0.275s] Level 1:colcon.colcon_core.package_identification:_identify(build) by extension 'ignore'
[0.275s] Level 1:colcon.colcon_core.package_identification:_identify(build) ignored
[0.275s] Level 1:colcon.colcon_core.package_identification:_identify(install) by extensions ['ignore', 'ignore_ament_install']
[0.275s] Level 1:colcon.colcon_core.package_identification:_identify(install) by extension 'ignore'
[0.275s] Level 1:colcon.colcon_core.package_identification:_identify(install) ignored
[0.275s] Level 1:colcon.colcon_core.package_identification:_identify(log) by extensions ['ignore', 'ignore_ament_install']
[0.275s] Level 1:colcon.colcon_core.package_identification:_identify(log) by extension 'ignore'
[0.275s] Level 1:colcon.colcon_core.package_identification:_identify(log) ignored
[0.275s] Level 1:colcon.colcon_core.package_identification:_identify(src) by extensions ['ignore', 'ignore_ament_install']
[0.275s] Level 1:colcon.colcon_core.package_identification:_identify(src) by extension 'ignore'
[0.275s] Level 1:colcon.colcon_core.package_identification:_identify(src) by extension 'ignore_ament_install'
[0.275s] Level 1:colcon.colcon_core.package_identification:_identify(src) by extensions ['colcon_pkg']
[0.275s] Level 1:colcon.colcon_core.package_identification:_identify(src) by extension 'colcon_pkg'
[0.275s] Level 1:colcon.colcon_core.package_identification:_identify(src) by extensions ['colcon_meta']
[0.276s] Level 1:colcon.colcon_core.package_identification:_identify(src) by extension 'colcon_meta'
[0.276s] Level 1:colcon.colcon_core.package_identification:_identify(src) by extensions ['ros']
[0.276s] Level 1:colcon.colcon_core.package_identification:_identify(src) by extension 'ros'
[0.276s] Level 1:colcon.colcon_core.package_identification:_identify(src) by extensions ['cmake', 'python']
[0.276s] Level 1:colcon.colcon_core.package_identification:_identify(src) by extension 'cmake'
[0.276s] Level 1:colcon.colcon_core.package_identification:_identify(src) by extension 'python'
[0.276s] Level 1:colcon.colcon_core.package_identification:_identify(src) by extensions ['python_setup_py']
[0.276s] Level 1:colcon.colcon_core.package_identification:_identify(src) by extension 'python_setup_py'
[0.276s] Level 1:colcon.colcon_core.package_identification:_identify(src/camara) by extensions ['ignore', 'ignore_ament_install']
[0.276s] Level 1:colcon.colcon_core.package_identification:_identify(src/camara) by extension 'ignore'
[0.276s] Level 1:colcon.colcon_core.package_identification:_identify(src/camara) by extension 'ignore_ament_install'
[0.276s] Level 1:colcon.colcon_core.package_identification:_identify(src/camara) by extensions ['colcon_pkg']
[0.276s] Level 1:colcon.colcon_core.package_identification:_identify(src/camara) by extension 'colcon_pkg'
[0.276s] Level 1:colcon.colcon_core.package_identification:_identify(src/camara) by extensions ['colcon_meta']
[0.276s] Level 1:colcon.colcon_core.package_identification:_identify(src/camara) by extension 'colcon_meta'
[0.276s] Level 1:colcon.colcon_core.package_identification:_identify(src/camara) by extensions ['ros']
[0.276s] Level 1:colcon.colcon_core.package_identification:_identify(src/camara) by extension 'ros'
[0.278s] DEBUG:colcon.colcon_core.package_identification:Found ROS schema reference in package manifest in 'src/camara'
[0.278s] WARNING:colcon.colcon_core.package_identification:Failed to parse ROS package manifest in 'src/camara': Error(s) in package 'src/camara/package.xml':
Error(s):
- The generic dependency on 'rclpy' is redundant with: exec_depend
- The generic dependency on 'std_msgs' is redundant with: exec_depend
[0.278s] Level 1:colcon.colcon_core.package_identification:_identify(src/camara) by extensions ['cmake', 'python']
[0.278s] Level 1:colcon.colcon_core.package_identification:_identify(src/camara) by extension 'cmake'
[0.278s] Level 1:colcon.colcon_core.package_identification:_identify(src/camara) by extension 'python'
[0.278s] DEBUG:colcon.colcon_core.package_identification:Python package in 'src/camara' passes arguments to the setup() function which requires a different identification extension than 'python'
[0.278s] Level 1:colcon.colcon_core.package_identification:_identify(src/camara) by extensions ['python_setup_py']
[0.278s] Level 1:colcon.colcon_core.package_identification:_identify(src/camara) by extension 'python_setup_py'
[0.528s] DEBUG:colcon.colcon_core.package_identification:Package 'src/camara' with type 'python' and name 'camara'
[0.528s] Level 1:colcon.colcon_core.package_discovery:discover_packages(recursive) using defaults
[0.528s] Level 1:colcon.colcon_core.package_discovery:discover_packages(ignore) discover
[0.528s] Level 1:colcon.colcon_core.package_discovery:discover_packages(ignore) using defaults
[0.528s] Level 1:colcon.colcon_core.package_discovery:discover_packages(path) discover
[0.529s] Level 1:colcon.colcon_core.package_discovery:discover_packages(path) using defaults
[0.546s] Level 1:colcon.colcon_core.package_discovery:discover_packages(prefix_path) check parameters
[0.546s] Level 1:colcon.colcon_core.package_discovery:discover_packages(prefix_path) discover
[0.548s] DEBUG:colcon.colcon_installed_package_information.package_discovery:Found 12 installed packages in /home/darhf/turtlebot3_ws/install
[0.549s] DEBUG:colcon.colcon_installed_package_information.package_discovery:Found 363 installed packages in /opt/ros/humble
[0.552s] Level 1:colcon.colcon_core.package_discovery:discover_packages(prefix_path) using defaults
[0.588s] Level 5:colcon.colcon_core.verb:set package 'camara' build argument 'cmake_args' from command line to 'None'
[0.588s] Level 5:colcon.colcon_core.verb:set package 'camara' build argument 'cmake_target' from command line to 'None'
[0.588s] Level 5:colcon.colcon_core.verb:set package 'camara' build argument 'cmake_target_skip_unavailable' from command line to 'False'
[0.588s] Level 5:colcon.colcon_core.verb:set package 'camara' build argument 'cmake_clean_cache' from command line to 'False'
[0.588s] Level 5:colcon.colcon_core.verb:set package 'camara' build argument 'cmake_clean_first' from command line to 'False'
[0.588s] Level 5:colcon.colcon_core.verb:set package 'camara' build argument 'cmake_force_configure' from command line to 'False'
[0.588s] Level 5:colcon.colcon_core.verb:set package 'camara' build argument 'ament_cmake_args' from command line to 'None'
[0.588s] Level 5:colcon.colcon_core.verb:set package 'camara' build argument 'catkin_cmake_args' from command line to 'None'
[0.588s] Level 5:colcon.colcon_core.verb:set package 'camara' build argument 'catkin_skip_building_tests' from command line to 'False'
[0.588s] DEBUG:colcon.colcon_core.verb:Building package 'camara' with the following arguments: {'ament_cmake_args': None, 'build_base': '/home/darhf/implementacion_robotica/lectura_camara/camara/build/camara', 'catkin_cmake_args': None, 'catkin_skip_building_tests': False, 'cmake_args': None, 'cmake_clean_cache': False, 'cmake_clean_first': False, 'cmake_force_configure': False, 'cmake_target': None, 'cmake_target_skip_unavailable': False, 'install_base': '/home/darhf/implementacion_robotica/lectura_camara/camara/install/camara', 'merge_install': False, 'path': '/home/darhf/implementacion_robotica/lectura_camara/camara/src/camara', 'symlink_install': False, 'test_result_base': None}
[0.588s] INFO:colcon.colcon_core.executor:Executing jobs using 'parallel' executor
[0.590s] DEBUG:colcon.colcon_parallel_executor.executor.parallel:run_until_complete
[0.590s] INFO:colcon.colcon_core.task.python.build:Building Python package in '/home/darhf/implementacion_robotica/lectura_camara/camara/src/camara'
[0.592s] INFO:colcon.colcon_core.plugin_system:Skipping extension 'colcon_core.shell.bat': Not used on non-Windows systems
[0.592s] INFO:colcon.colcon_core.shell:Skip shell extension 'powershell' for command environment: Not usable outside of PowerShell
[0.592s] DEBUG:colcon.colcon_core.shell:Skip shell extension 'dsv' for command environment
[1.230s] DEBUG:colcon.colcon_core.event_handler.log_command:Invoking command in '/home/darhf/implementacion_robotica/lectura_camara/camara/src/camara': PYTHONPATH=/home/darhf/implementacion_robotica/lectura_camara/camara/build/camara/prefix_override:/usr/lib/python3/dist-packages/colcon_core/task/python/colcon_distutils_commands:/home/darhf/implementacion_robotica/lectura_camara/camara/install/camara/lib/python3.10/site-packages:${PYTHONPATH} /usr/bin/python3 -W ignore:setup.py install is deprecated -W ignore:easy_install command is deprecated setup.py egg_info --egg-base ../../build/camara build --build-base /home/darhf/implementacion_robotica/lectura_camara/camara/build/camara/build install --record /home/darhf/implementacion_robotica/lectura_camara/camara/build/camara/install.log --single-version-externally-managed install_data
[1.534s] DEBUG:colcon.colcon_core.event_handler.log_command:Invoked command in '/home/darhf/implementacion_robotica/lectura_camara/camara/src/camara' returned '0': PYTHONPATH=/home/darhf/implementacion_robotica/lectura_camara/camara/build/camara/prefix_override:/usr/lib/python3/dist-packages/colcon_core/task/python/colcon_distutils_commands:/home/darhf/implementacion_robotica/lectura_camara/camara/install/camara/lib/python3.10/site-packages:${PYTHONPATH} /usr/bin/python3 -W ignore:setup.py install is deprecated -W ignore:easy_install command is deprecated setup.py egg_info --egg-base ../../build/camara build --build-base /home/darhf/implementacion_robotica/lectura_camara/camara/build/camara/build install --record /home/darhf/implementacion_robotica/lectura_camara/camara/build/camara/install.log --single-version-externally-managed install_data
[1.537s] Level 1:colcon.colcon_core.environment:checking '/home/darhf/implementacion_robotica/lectura_camara/camara/install/camara' for CMake module files
[1.537s] Level 1:colcon.colcon_core.environment:checking '/home/darhf/implementacion_robotica/lectura_camara/camara/install/camara' for CMake config files
[1.538s] Level 1:colcon.colcon_core.environment:checking '/home/darhf/implementacion_robotica/lectura_camara/camara/install/camara/lib'
[1.538s] Level 1:colcon.colcon_core.environment:checking '/home/darhf/implementacion_robotica/lectura_camara/camara/install/camara/bin'
[1.538s] Level 1:colcon.colcon_core.environment:checking '/home/darhf/implementacion_robotica/lectura_camara/camara/install/camara/lib/pkgconfig/camara.pc'
[1.538s] Level 1:colcon.colcon_core.environment:checking '/home/darhf/implementacion_robotica/lectura_camara/camara/install/camara/lib/python3.10/site-packages'
[1.538s] Level 1:colcon.colcon_core.shell:create_environment_hook('camara', 'pythonpath')
[1.538s] INFO:colcon.colcon_core.shell:Creating environment hook '/home/darhf/implementacion_robotica/lectura_camara/camara/install/camara/share/camara/hook/pythonpath.ps1'
[1.539s] INFO:colcon.colcon_core.shell:Creating environment descriptor '/home/darhf/implementacion_robotica/lectura_camara/camara/install/camara/share/camara/hook/pythonpath.dsv'
[1.539s] INFO:colcon.colcon_core.shell:Creating environment hook '/home/darhf/implementacion_robotica/lectura_camara/camara/install/camara/share/camara/hook/pythonpath.sh'
[1.540s] Level 1:colcon.colcon_core.environment:checking '/home/darhf/implementacion_robotica/lectura_camara/camara/install/camara/bin'
[1.540s] Level 1:colcon.colcon_core.environment:create_environment_scripts_only(camara)
[1.540s] INFO:colcon.colcon_core.shell:Creating package script '/home/darhf/implementacion_robotica/lectura_camara/camara/install/camara/share/camara/package.ps1'
[1.541s] INFO:colcon.colcon_core.shell:Creating package descriptor '/home/darhf/implementacion_robotica/lectura_camara/camara/install/camara/share/camara/package.dsv'
[1.541s] INFO:colcon.colcon_core.shell:Creating package script '/home/darhf/implementacion_robotica/lectura_camara/camara/install/camara/share/camara/package.sh'
[1.542s] INFO:colcon.colcon_core.shell:Creating package script '/home/darhf/implementacion_robotica/lectura_camara/camara/install/camara/share/camara/package.bash'
[1.542s] INFO:colcon.colcon_core.shell:Creating package script '/home/darhf/implementacion_robotica/lectura_camara/camara/install/camara/share/camara/package.zsh'
[1.543s] Level 1:colcon.colcon_core.environment:create_file_with_runtime_dependencies(/home/darhf/implementacion_robotica/lectura_camara/camara/install/camara/share/colcon-core/packages/camara)
[1.543s] DEBUG:colcon.colcon_parallel_executor.executor.parallel:closing loop
[1.544s] DEBUG:colcon.colcon_parallel_executor.executor.parallel:loop closed
[1.544s] DEBUG:colcon.colcon_parallel_executor.executor.parallel:run_until_complete finished with '0'
[1.544s] DEBUG:colcon.colcon_core.event_reactor:joining thread
[1.549s] INFO:colcon.colcon_core.plugin_system:Skipping extension 'colcon_notification.desktop_notification.terminal_notifier': Not used on non-Darwin systems
[1.549s] INFO:colcon.colcon_core.plugin_system:Skipping extension 'colcon_notification.desktop_notification.win32': Not used on non-Windows systems
[1.549s] INFO:colcon.colcon_notification.desktop_notification:Sending desktop notification using 'notify2'
[1.564s] DEBUG:colcon.colcon_core.event_reactor:joined thread
[1.565s] INFO:colcon.colcon_core.shell:Creating prefix script '/home/darhf/implementacion_robotica/lectura_camara/camara/install/local_setup.ps1'
[1.566s] INFO:colcon.colcon_core.shell:Creating prefix util module '/home/darhf/implementacion_robotica/lectura_camara/camara/install/_local_setup_util_ps1.py'
[1.568s] INFO:colcon.colcon_core.shell:Creating prefix chain script '/home/darhf/implementacion_robotica/lectura_camara/camara/install/setup.ps1'
[1.569s] INFO:colcon.colcon_core.shell:Creating prefix script '/home/darhf/implementacion_robotica/lectura_camara/camara/install/local_setup.sh'
[1.570s] INFO:colcon.colcon_core.shell:Creating prefix util module '/home/darhf/implementacion_robotica/lectura_camara/camara/install/_local_setup_util_sh.py'
[1.570s] INFO:colcon.colcon_core.shell:Creating prefix chain script '/home/darhf/implementacion_robotica/lectura_camara/camara/install/setup.sh'
[1.571s] INFO:colcon.colcon_core.shell:Creating prefix script '/home/darhf/implementacion_robotica/lectura_camara/camara/install/local_setup.bash'
[1.572s] INFO:colcon.colcon_core.shell:Creating prefix chain script '/home/darhf/implementacion_robotica/lectura_camara/camara/install/setup.bash'
[1.573s] INFO:colcon.colcon_core.shell:Creating prefix script '/home/darhf/implementacion_robotica/lectura_camara/camara/install/local_setup.zsh'
[1.573s] INFO:colcon.colcon_core.shell:Creating prefix chain script '/home/darhf/implementacion_robotica/lectura_camara/camara/install/setup.zsh'
