[11.398s] DEBUG:colcon:Command line arguments: ['/usr/bin/colcon', 'build']
[11.398s] DEBUG:colcon:Parsed command line arguments: Namespace(allow_overriding=[], ament_cmake_args=None, base_paths=['.'], build_base='build', catkin_cmake_args=None, catkin_skip_building_tests=False, cmake_args=None, cmake_clean_cache=False, cmake_clean_first=False, cmake_force_configure=False, cmake_target=None, cmake_target_skip_unavailable=False, continue_on_error=False, event_handlers=None, executor='parallel', ignore_user_meta=False, install_base='install', log_base=None, log_level=None, main=<bound method BuildVerb.main of <colcon_core.verb.build.BuildVerb object at 0x7faeda3be0>>, merge_install=False, metas=['./colcon.meta'], packages_above=None, packages_above_and_dependencies=None, packages_above_depth=None, packages_end=None, packages_ignore=None, packages_ignore_regex=None, packages_select=None, packages_select_build_failed=False, packages_select_by_dep=None, packages_select_regex=None, packages_select_test_failures=False, packages_skip=None, packages_skip_build_finished=False, packages_skip_by_dep=None, packages_skip_regex=None, packages_skip_test_passed=False, packages_skip_up_to=None, packages_start=None, packages_up_to=None, packages_up_to_regex=None, parallel_workers=4, paths=None, symlink_install=False, test_result_base=None, verb_extension=<colcon_core.verb.build.BuildVerb object at 0x7faeda3be0>, verb_name='build', verb_parser=<colcon_defaults.argument_parser.defaults.DefaultArgumentsDecorator object at 0x7fae967e50>)
[11.901s] Level 1:colcon.colcon_core.package_discovery:discover_packages(colcon_meta) check parameters
[11.901s] Level 1:colcon.colcon_core.package_discovery:discover_packages(recursive) check parameters
[11.901s] Level 1:colcon.colcon_core.package_discovery:discover_packages(ignore) check parameters
[11.901s] Level 1:colcon.colcon_core.package_discovery:discover_packages(path) check parameters
[11.901s] Level 1:colcon.colcon_core.package_discovery:discover_packages(colcon_meta) discover
[11.902s] Level 1:colcon.colcon_core.package_discovery:discover_packages(recursive) discover
[11.902s] INFO:colcon.colcon_core.package_discovery:Crawling recursively for packages in '/home/puzzlebot/ros2_ws/src/Fantastic4/Camara'
[11.902s] Level 1:colcon.colcon_core.package_identification:_identify(.) by extensions ['ignore', 'ignore_ament_install']
[11.903s] Level 1:colcon.colcon_core.package_identification:_identify(.) by extension 'ignore'
[11.903s] Level 1:colcon.colcon_core.package_identification:_identify(.) by extension 'ignore_ament_install'
[11.903s] Level 1:colcon.colcon_core.package_identification:_identify(.) by extensions ['colcon_pkg']
[11.903s] Level 1:colcon.colcon_core.package_identification:_identify(.) by extension 'colcon_pkg'
[11.903s] Level 1:colcon.colcon_core.package_identification:_identify(.) by extensions ['colcon_meta']
[11.904s] Level 1:colcon.colcon_core.package_identification:_identify(.) by extension 'colcon_meta'
[11.904s] Level 1:colcon.colcon_core.package_identification:_identify(.) by extensions ['ros']
[11.904s] Level 1:colcon.colcon_core.package_identification:_identify(.) by extension 'ros'
[11.948s] Level 1:colcon.colcon_core.package_identification:_identify(.) by extensions ['cmake', 'python']
[11.949s] Level 1:colcon.colcon_core.package_identification:_identify(.) by extension 'cmake'
[11.949s] Level 1:colcon.colcon_core.package_identification:_identify(.) by extension 'python'
[11.949s] Level 1:colcon.colcon_core.package_identification:_identify(.) by extensions ['python_setup_py']
[11.949s] Level 1:colcon.colcon_core.package_identification:_identify(.) by extension 'python_setup_py'
[11.950s] Level 1:colcon.colcon_core.package_identification:_identify(build) by extensions ['ignore', 'ignore_ament_install']
[11.950s] Level 1:colcon.colcon_core.package_identification:_identify(build) by extension 'ignore'
[11.950s] Level 1:colcon.colcon_core.package_identification:_identify(build) ignored
[11.951s] Level 1:colcon.colcon_core.package_identification:_identify(install) by extensions ['ignore', 'ignore_ament_install']
[11.951s] Level 1:colcon.colcon_core.package_identification:_identify(install) by extension 'ignore'
[11.951s] Level 1:colcon.colcon_core.package_identification:_identify(install) ignored
[11.952s] Level 1:colcon.colcon_core.package_identification:_identify(log) by extensions ['ignore', 'ignore_ament_install']
[11.952s] Level 1:colcon.colcon_core.package_identification:_identify(log) by extension 'ignore'
[11.952s] Level 1:colcon.colcon_core.package_identification:_identify(log) ignored
[11.952s] Level 1:colcon.colcon_core.package_identification:_identify(src) by extensions ['ignore', 'ignore_ament_install']
[11.953s] Level 1:colcon.colcon_core.package_identification:_identify(src) by extension 'ignore'
[11.953s] Level 1:colcon.colcon_core.package_identification:_identify(src) by extension 'ignore_ament_install'
[11.953s] Level 1:colcon.colcon_core.package_identification:_identify(src) by extensions ['colcon_pkg']
[11.953s] Level 1:colcon.colcon_core.package_identification:_identify(src) by extension 'colcon_pkg'
[11.953s] Level 1:colcon.colcon_core.package_identification:_identify(src) by extensions ['colcon_meta']
[11.954s] Level 1:colcon.colcon_core.package_identification:_identify(src) by extension 'colcon_meta'
[11.954s] Level 1:colcon.colcon_core.package_identification:_identify(src) by extensions ['ros']
[11.954s] Level 1:colcon.colcon_core.package_identification:_identify(src) by extension 'ros'
[11.954s] Level 1:colcon.colcon_core.package_identification:_identify(src) by extensions ['cmake', 'python']
[11.954s] Level 1:colcon.colcon_core.package_identification:_identify(src) by extension 'cmake'
[11.955s] Level 1:colcon.colcon_core.package_identification:_identify(src) by extension 'python'
[11.955s] Level 1:colcon.colcon_core.package_identification:_identify(src) by extensions ['python_setup_py']
[11.955s] Level 1:colcon.colcon_core.package_identification:_identify(src) by extension 'python_setup_py'
[11.955s] Level 1:colcon.colcon_core.package_identification:_identify(src/camara) by extensions ['ignore', 'ignore_ament_install']
[11.956s] Level 1:colcon.colcon_core.package_identification:_identify(src/camara) by extension 'ignore'
[11.956s] Level 1:colcon.colcon_core.package_identification:_identify(src/camara) by extension 'ignore_ament_install'
[11.956s] Level 1:colcon.colcon_core.package_identification:_identify(src/camara) by extensions ['colcon_pkg']
[11.956s] Level 1:colcon.colcon_core.package_identification:_identify(src/camara) by extension 'colcon_pkg'
[11.956s] Level 1:colcon.colcon_core.package_identification:_identify(src/camara) by extensions ['colcon_meta']
[11.956s] Level 1:colcon.colcon_core.package_identification:_identify(src/camara) by extension 'colcon_meta'
[11.957s] Level 1:colcon.colcon_core.package_identification:_identify(src/camara) by extensions ['ros']
[11.957s] Level 1:colcon.colcon_core.package_identification:_identify(src/camara) by extension 'ros'
[11.967s] DEBUG:colcon.colcon_core.package_identification:Package 'src/camara' with type 'ros.ament_python' and name 'camara'
[11.967s] Level 1:colcon.colcon_core.package_discovery:discover_packages(recursive) using defaults
[11.967s] Level 1:colcon.colcon_core.package_discovery:discover_packages(ignore) discover
[11.967s] Level 1:colcon.colcon_core.package_discovery:discover_packages(ignore) using defaults
[11.967s] Level 1:colcon.colcon_core.package_discovery:discover_packages(path) discover
[11.968s] Level 1:colcon.colcon_core.package_discovery:discover_packages(path) using defaults
[12.998s] Level 1:colcon.colcon_core.package_discovery:discover_packages(prefix_path) check parameters
[12.999s] Level 1:colcon.colcon_core.package_discovery:discover_packages(prefix_path) discover
[13.394s] DEBUG:colcon.colcon_installed_package_information.package_discovery:Found 5 installed packages in /home/puzzlebot/ros2_ws/install
[13.594s] DEBUG:colcon.colcon_installed_package_information.package_discovery:Found 276 installed packages in /opt/ros/humble
[13.602s] Level 1:colcon.colcon_core.package_discovery:discover_packages(prefix_path) using defaults
[14.411s] Level 5:colcon.colcon_core.verb:set package 'camara' build argument 'cmake_args' from command line to 'None'
[14.411s] Level 5:colcon.colcon_core.verb:set package 'camara' build argument 'cmake_target' from command line to 'None'
[14.412s] Level 5:colcon.colcon_core.verb:set package 'camara' build argument 'cmake_target_skip_unavailable' from command line to 'False'
[14.412s] Level 5:colcon.colcon_core.verb:set package 'camara' build argument 'cmake_clean_cache' from command line to 'False'
[14.412s] Level 5:colcon.colcon_core.verb:set package 'camara' build argument 'cmake_clean_first' from command line to 'False'
[14.412s] Level 5:colcon.colcon_core.verb:set package 'camara' build argument 'cmake_force_configure' from command line to 'False'
[14.412s] Level 5:colcon.colcon_core.verb:set package 'camara' build argument 'ament_cmake_args' from command line to 'None'
[14.412s] Level 5:colcon.colcon_core.verb:set package 'camara' build argument 'catkin_cmake_args' from command line to 'None'
[14.412s] Level 5:colcon.colcon_core.verb:set package 'camara' build argument 'catkin_skip_building_tests' from command line to 'False'
[14.413s] DEBUG:colcon.colcon_core.verb:Building package 'camara' with the following arguments: {'ament_cmake_args': None, 'build_base': '/home/puzzlebot/ros2_ws/src/Fantastic4/Camara/build/camara', 'catkin_cmake_args': None, 'catkin_skip_building_tests': False, 'cmake_args': None, 'cmake_clean_cache': False, 'cmake_clean_first': False, 'cmake_force_configure': False, 'cmake_target': None, 'cmake_target_skip_unavailable': False, 'install_base': '/home/puzzlebot/ros2_ws/src/Fantastic4/Camara/install/camara', 'merge_install': False, 'path': '/home/puzzlebot/ros2_ws/src/Fantastic4/Camara/src/camara', 'symlink_install': False, 'test_result_base': None}
[14.605s] INFO:colcon.colcon_core.executor:Executing jobs using 'parallel' executor
[14.801s] DEBUG:colcon.colcon_parallel_executor.executor.parallel:run_until_complete
[14.802s] INFO:colcon.colcon_ros.task.ament_python.build:Building ROS package in '/home/puzzlebot/ros2_ws/src/Fantastic4/Camara/src/camara' with build type 'ament_python'
[14.802s] Level 1:colcon.colcon_core.shell:create_environment_hook('camara', 'ament_prefix_path')
[15.007s] INFO:colcon.colcon_core.plugin_system:Skipping extension 'colcon_core.shell.bat': Not used on non-Windows systems
[15.008s] INFO:colcon.colcon_core.shell:Creating environment hook '/home/puzzlebot/ros2_ws/src/Fantastic4/Camara/install/camara/share/camara/hook/ament_prefix_path.ps1'
[15.010s] INFO:colcon.colcon_core.shell:Creating environment descriptor '/home/puzzlebot/ros2_ws/src/Fantastic4/Camara/install/camara/share/camara/hook/ament_prefix_path.dsv'
[15.012s] INFO:colcon.colcon_core.shell:Creating environment hook '/home/puzzlebot/ros2_ws/src/Fantastic4/Camara/install/camara/share/camara/hook/ament_prefix_path.sh'
[15.215s] INFO:colcon.colcon_core.shell:Skip shell extension 'powershell' for command environment: Not usable outside of PowerShell
[15.216s] DEBUG:colcon.colcon_core.shell:Skip shell extension 'dsv' for command environment
[16.889s] INFO:colcon.colcon_core.task.python.build:Building Python package in '/home/puzzlebot/ros2_ws/src/Fantastic4/Camara/src/camara'
[17.092s] INFO:colcon.colcon_core.shell:Skip shell extension 'powershell' for command environment: Not usable outside of PowerShell
[17.092s] DEBUG:colcon.colcon_core.shell:Skip shell extension 'dsv' for command environment
[19.493s] DEBUG:colcon.colcon_core.event_handler.log_command:Invoking command in '/home/puzzlebot/ros2_ws/src/Fantastic4/Camara/src/camara': PYTHONPATH=/home/puzzlebot/ros2_ws/src/Fantastic4/Camara/build/camara/prefix_override:/home/puzzlebot/ros2_ws/src/Fantastic4/Camara/install/camara/lib/python3.8/site-packages:${PYTHONPATH} /usr/bin/python3 setup.py egg_info --egg-base ../../build/camara build --build-base /home/puzzlebot/ros2_ws/src/Fantastic4/Camara/build/camara/build install --record /home/puzzlebot/ros2_ws/src/Fantastic4/Camara/build/camara/install.log --single-version-externally-managed
[20.871s] DEBUG:colcon.colcon_core.event_handler.log_command:Invoked command in '/home/puzzlebot/ros2_ws/src/Fantastic4/Camara/src/camara' returned '0': PYTHONPATH=/home/puzzlebot/ros2_ws/src/Fantastic4/Camara/build/camara/prefix_override:/home/puzzlebot/ros2_ws/src/Fantastic4/Camara/install/camara/lib/python3.8/site-packages:${PYTHONPATH} /usr/bin/python3 setup.py egg_info --egg-base ../../build/camara build --build-base /home/puzzlebot/ros2_ws/src/Fantastic4/Camara/build/camara/build install --record /home/puzzlebot/ros2_ws/src/Fantastic4/Camara/build/camara/install.log --single-version-externally-managed
[21.083s] Level 1:colcon.colcon_core.environment:checking '/home/puzzlebot/ros2_ws/src/Fantastic4/Camara/install/camara' for CMake module files
[21.085s] Level 1:colcon.colcon_core.environment:checking '/home/puzzlebot/ros2_ws/src/Fantastic4/Camara/install/camara' for CMake config files
[21.088s] Level 1:colcon.colcon_core.environment:checking '/home/puzzlebot/ros2_ws/src/Fantastic4/Camara/install/camara/lib'
[21.089s] Level 1:colcon.colcon_core.environment:checking '/home/puzzlebot/ros2_ws/src/Fantastic4/Camara/install/camara/bin'
[21.089s] Level 1:colcon.colcon_core.environment:checking '/home/puzzlebot/ros2_ws/src/Fantastic4/Camara/install/camara/lib/pkgconfig/camara.pc'
[21.090s] Level 1:colcon.colcon_core.environment:checking '/home/puzzlebot/ros2_ws/src/Fantastic4/Camara/install/camara/lib/python3.8/site-packages'
[21.090s] Level 1:colcon.colcon_core.shell:create_environment_hook('camara', 'pythonpath')
[21.293s] INFO:colcon.colcon_core.shell:Creating environment hook '/home/puzzlebot/ros2_ws/src/Fantastic4/Camara/install/camara/share/camara/hook/pythonpath.ps1'
[21.295s] INFO:colcon.colcon_core.shell:Creating environment descriptor '/home/puzzlebot/ros2_ws/src/Fantastic4/Camara/install/camara/share/camara/hook/pythonpath.dsv'
[21.296s] INFO:colcon.colcon_core.shell:Creating environment hook '/home/puzzlebot/ros2_ws/src/Fantastic4/Camara/install/camara/share/camara/hook/pythonpath.sh'
[21.298s] Level 1:colcon.colcon_core.environment:checking '/home/puzzlebot/ros2_ws/src/Fantastic4/Camara/install/camara/bin'
[21.298s] Level 1:colcon.colcon_core.environment:create_environment_scripts_only(camara)
[21.501s] INFO:colcon.colcon_core.shell:Creating package script '/home/puzzlebot/ros2_ws/src/Fantastic4/Camara/install/camara/share/camara/package.ps1'
[21.504s] INFO:colcon.colcon_core.shell:Creating package descriptor '/home/puzzlebot/ros2_ws/src/Fantastic4/Camara/install/camara/share/camara/package.dsv'
[21.506s] INFO:colcon.colcon_core.shell:Creating package script '/home/puzzlebot/ros2_ws/src/Fantastic4/Camara/install/camara/share/camara/package.sh'
[21.509s] INFO:colcon.colcon_core.shell:Creating package script '/home/puzzlebot/ros2_ws/src/Fantastic4/Camara/install/camara/share/camara/package.bash'
[21.512s] INFO:colcon.colcon_core.shell:Creating package script '/home/puzzlebot/ros2_ws/src/Fantastic4/Camara/install/camara/share/camara/package.zsh'
[21.514s] Level 1:colcon.colcon_core.environment:create_file_with_runtime_dependencies(/home/puzzlebot/ros2_ws/src/Fantastic4/Camara/install/camara/share/colcon-core/packages/camara)
[21.515s] DEBUG:colcon.colcon_parallel_executor.executor.parallel:closing loop
[21.517s] DEBUG:colcon.colcon_parallel_executor.executor.parallel:loop closed
[21.517s] DEBUG:colcon.colcon_parallel_executor.executor.parallel:run_until_complete finished with '0'
[21.517s] DEBUG:colcon.colcon_core.event_reactor:joining thread
[21.733s] INFO:colcon.colcon_core.plugin_system:Skipping extension 'colcon_notification.desktop_notification.terminal_notifier': Not used on non-Darwin systems
[21.734s] INFO:colcon.colcon_core.plugin_system:Skipping extension 'colcon_notification.desktop_notification.win32': Not used on non-Windows systems
[21.734s] INFO:colcon.colcon_notification.desktop_notification:Sending desktop notification using 'notify2'
[21.782s] DEBUG:colcon.colcon_core.event_reactor:joined thread
[22.005s] INFO:colcon.colcon_core.shell:Creating prefix script '/home/puzzlebot/ros2_ws/src/Fantastic4/Camara/install/local_setup.ps1'
[22.010s] INFO:colcon.colcon_core.shell:Creating prefix util module '/home/puzzlebot/ros2_ws/src/Fantastic4/Camara/install/_local_setup_util_ps1.py'
[22.016s] INFO:colcon.colcon_core.shell:Creating prefix chain script '/home/puzzlebot/ros2_ws/src/Fantastic4/Camara/install/setup.ps1'
[22.273s] INFO:colcon.colcon_core.shell:Creating prefix script '/home/puzzlebot/ros2_ws/src/Fantastic4/Camara/install/local_setup.sh'
[22.276s] INFO:colcon.colcon_core.shell:Creating prefix util module '/home/puzzlebot/ros2_ws/src/Fantastic4/Camara/install/_local_setup_util_sh.py'
[22.278s] INFO:colcon.colcon_core.shell:Creating prefix chain script '/home/puzzlebot/ros2_ws/src/Fantastic4/Camara/install/setup.sh'
[22.484s] INFO:colcon.colcon_core.shell:Creating prefix script '/home/puzzlebot/ros2_ws/src/Fantastic4/Camara/install/local_setup.bash'
[22.486s] INFO:colcon.colcon_core.shell:Creating prefix chain script '/home/puzzlebot/ros2_ws/src/Fantastic4/Camara/install/setup.bash'
[22.691s] INFO:colcon.colcon_core.shell:Creating prefix script '/home/puzzlebot/ros2_ws/src/Fantastic4/Camara/install/local_setup.zsh'
[22.694s] INFO:colcon.colcon_core.shell:Creating prefix chain script '/home/puzzlebot/ros2_ws/src/Fantastic4/Camara/install/setup.zsh'
