[0.729s] Invoking command in '/home/darhf/Manchester/camara/lectura_camara/camara/src/camara': PYTHONPATH=/home/darhf/Manchester/camara/lectura_camara/camara/build/camara/prefix_override:/usr/lib/python3/dist-packages/colcon_core/task/python/colcon_distutils_commands:/home/darhf/Manchester/camara/lectura_camara/camara/install/camara/lib/python3.10/site-packages:${PYTHONPATH} /usr/bin/python3 -W ignore:setup.py install is deprecated -W ignore:easy_install command is deprecated setup.py egg_info --egg-base ../../build/camara build --build-base /home/darhf/Manchester/camara/lectura_camara/camara/build/camara/build install --record /home/darhf/Manchester/camara/lectura_camara/camara/build/camara/install.log --single-version-externally-managed install_data
[0.947s] running egg_info
[0.947s] writing ../../build/camara/camara.egg-info/PKG-INFO
[0.948s] writing dependency_links to ../../build/camara/camara.egg-info/dependency_links.txt
[0.948s] writing entry points to ../../build/camara/camara.egg-info/entry_points.txt
[0.948s] writing requirements to ../../build/camara/camara.egg-info/requires.txt
[0.948s] writing top-level names to ../../build/camara/camara.egg-info/top_level.txt
[0.950s] reading manifest file '../../build/camara/camara.egg-info/SOURCES.txt'
[0.956s] writing manifest file '../../build/camara/camara.egg-info/SOURCES.txt'
[0.956s] running build
[0.956s] running build_py
[0.956s] copying camara/camera_publisher.py -> /home/darhf/Manchester/camara/lectura_camara/camara/build/camara/build/lib/camara
[0.956s] copying camara/camera_subscriber.py -> /home/darhf/Manchester/camara/lectura_camara/camara/build/camara/build/lib/camara
[0.956s] running install
[0.957s] running install_lib
[0.958s] copying /home/darhf/Manchester/camara/lectura_camara/camara/build/camara/build/lib/camara/camera_publisher.py -> /home/darhf/Manchester/camara/lectura_camara/camara/install/camara/lib/python3.10/site-packages/camara
[0.958s] copying /home/darhf/Manchester/camara/lectura_camara/camara/build/camara/build/lib/camara/camera_subscriber.py -> /home/darhf/Manchester/camara/lectura_camara/camara/install/camara/lib/python3.10/site-packages/camara
[0.959s] byte-compiling /home/darhf/Manchester/camara/lectura_camara/camara/install/camara/lib/python3.10/site-packages/camara/camera_publisher.py to camera_publisher.cpython-310.pyc
[0.959s] byte-compiling /home/darhf/Manchester/camara/lectura_camara/camara/install/camara/lib/python3.10/site-packages/camara/camera_subscriber.py to camera_subscriber.cpython-310.pyc
[0.960s] running install_data
[0.960s] running install_egg_info
[0.962s] removing '/home/darhf/Manchester/camara/lectura_camara/camara/install/camara/lib/python3.10/site-packages/camara-0.0.0-py3.10.egg-info' (and everything under it)
[0.963s] Copying ../../build/camara/camara.egg-info to /home/darhf/Manchester/camara/lectura_camara/camara/install/camara/lib/python3.10/site-packages/camara-0.0.0-py3.10.egg-info
[0.964s] running install_scripts
[0.985s] Installing camera_publisher script to /home/darhf/Manchester/camara/lectura_camara/camara/install/camara/lib/camara
[0.985s] Installing camera_subscriber script to /home/darhf/Manchester/camara/lectura_camara/camara/install/camara/lib/camara
[0.985s] Installing simple_publisher script to /home/darhf/Manchester/camara/lectura_camara/camara/install/camara/lib/camara
[0.985s] Installing simple_subscriber script to /home/darhf/Manchester/camara/lectura_camara/camara/install/camara/lib/camara
[0.985s] writing list of installed files to '/home/darhf/Manchester/camara/lectura_camara/camara/build/camara/install.log'
[1.038s] Invoked command in '/home/darhf/Manchester/camara/lectura_camara/camara/src/camara' returned '0': PYTHONPATH=/home/darhf/Manchester/camara/lectura_camara/camara/build/camara/prefix_override:/usr/lib/python3/dist-packages/colcon_core/task/python/colcon_distutils_commands:/home/darhf/Manchester/camara/lectura_camara/camara/install/camara/lib/python3.10/site-packages:${PYTHONPATH} /usr/bin/python3 -W ignore:setup.py install is deprecated -W ignore:easy_install command is deprecated setup.py egg_info --egg-base ../../build/camara build --build-base /home/darhf/Manchester/camara/lectura_camara/camara/build/camara/build install --record /home/darhf/Manchester/camara/lectura_camara/camara/build/camara/install.log --single-version-externally-managed install_data
