running egg_info
writing ../../build/camara/camara.egg-info/PKG-INFO
writing dependency_links to ../../build/camara/camara.egg-info/dependency_links.txt
writing entry points to ../../build/camara/camara.egg-info/entry_points.txt
writing requirements to ../../build/camara/camara.egg-info/requires.txt
writing top-level names to ../../build/camara/camara.egg-info/top_level.txt
reading manifest file '../../build/camara/camara.egg-info/SOURCES.txt'
writing manifest file '../../build/camara/camara.egg-info/SOURCES.txt'
running build
running build_py
running install
running install_lib
running install_data
copying package.xml -> /home/darhf/implementacion_robotica/lectura_camara/camara/install/camara/share/camara
running install_egg_info
removing '/home/darhf/implementacion_robotica/lectura_camara/camara/install/camara/lib/python3.10/site-packages/camara-0.0.0-py3.10.egg-info' (and everything under it)
Copying ../../build/camara/camara.egg-info to /home/darhf/implementacion_robotica/lectura_camara/camara/install/camara/lib/python3.10/site-packages/camara-0.0.0-py3.10.egg-info
running install_scripts
Installing camera_publisher script to /home/darhf/implementacion_robotica/lectura_camara/camara/install/camara/lib/camara
Installing camera_subscriber script to /home/darhf/implementacion_robotica/lectura_camara/camara/install/camara/lib/camara
Installing simple_publisher script to /home/darhf/implementacion_robotica/lectura_camara/camara/install/camara/lib/camara
Installing simple_subscriber script to /home/darhf/implementacion_robotica/lectura_camara/camara/install/camara/lib/camara
writing list of installed files to '/home/darhf/implementacion_robotica/lectura_camara/camara/build/camara/install.log'
