[0.627s] Invoking command in '/home/darhf/implementacion_robotica/lectura_camara/camara/src/camara': PYTHONPATH=/home/darhf/implementacion_robotica/lectura_camara/camara/build/camara/prefix_override:/usr/lib/python3/dist-packages/colcon_core/task/python/colcon_distutils_commands:/home/darhf/implementacion_robotica/lectura_camara/camara/install/camara/lib/python3.10/site-packages:${PYTHONPATH} /usr/bin/python3 -W ignore:setup.py install is deprecated -W ignore:easy_install command is deprecated setup.py egg_info --egg-base ../../build/camara build --build-base /home/darhf/implementacion_robotica/lectura_camara/camara/build/camara/build install --record /home/darhf/implementacion_robotica/lectura_camara/camara/build/camara/install.log --single-version-externally-managed install_data
[0.844s] running egg_info
[0.845s] writing ../../build/camara/camara.egg-info/PKG-INFO
[0.845s] writing dependency_links to ../../build/camara/camara.egg-info/dependency_links.txt
[0.845s] writing entry points to ../../build/camara/camara.egg-info/entry_points.txt
[0.846s] writing requirements to ../../build/camara/camara.egg-info/requires.txt
[0.846s] writing top-level names to ../../build/camara/camara.egg-info/top_level.txt
[0.848s] reading manifest file '../../build/camara/camara.egg-info/SOURCES.txt'
[0.848s] writing manifest file '../../build/camara/camara.egg-info/SOURCES.txt'
[0.848s] running build
[0.848s] running build_py
[0.849s] running install
[0.849s] running install_lib
[0.850s] running install_data
[0.850s] copying package.xml -> /home/darhf/implementacion_robotica/lectura_camara/camara/install/camara/share/camara
[0.851s] running install_egg_info
[0.853s] removing '/home/darhf/implementacion_robotica/lectura_camara/camara/install/camara/lib/python3.10/site-packages/camara-0.0.0-py3.10.egg-info' (and everything under it)
[0.853s] Copying ../../build/camara/camara.egg-info to /home/darhf/implementacion_robotica/lectura_camara/camara/install/camara/lib/python3.10/site-packages/camara-0.0.0-py3.10.egg-info
[0.854s] running install_scripts
[0.874s] Installing camera_publisher script to /home/darhf/implementacion_robotica/lectura_camara/camara/install/camara/lib/camara
[0.874s] Installing camera_subscriber script to /home/darhf/implementacion_robotica/lectura_camara/camara/install/camara/lib/camara
[0.874s] Installing simple_publisher script to /home/darhf/implementacion_robotica/lectura_camara/camara/install/camara/lib/camara
[0.874s] Installing simple_subscriber script to /home/darhf/implementacion_robotica/lectura_camara/camara/install/camara/lib/camara
[0.874s] writing list of installed files to '/home/darhf/implementacion_robotica/lectura_camara/camara/build/camara/install.log'
[0.915s] Invoked command in '/home/darhf/implementacion_robotica/lectura_camara/camara/src/camara' returned '0': PYTHONPATH=/home/darhf/implementacion_robotica/lectura_camara/camara/build/camara/prefix_override:/usr/lib/python3/dist-packages/colcon_core/task/python/colcon_distutils_commands:/home/darhf/implementacion_robotica/lectura_camara/camara/install/camara/lib/python3.10/site-packages:${PYTHONPATH} /usr/bin/python3 -W ignore:setup.py install is deprecated -W ignore:easy_install command is deprecated setup.py egg_info --egg-base ../../build/camara build --build-base /home/darhf/implementacion_robotica/lectura_camara/camara/build/camara/build install --record /home/darhf/implementacion_robotica/lectura_camara/camara/build/camara/install.log --single-version-externally-managed install_data
