[0.639s] Invoking command in '/home/darhf/implementacion_robotica/lectura_camara/camara/src/camara': PYTHONPATH=/home/darhf/implementacion_robotica/lectura_camara/camara/build/camara/prefix_override:/usr/lib/python3/dist-packages/colcon_core/task/python/colcon_distutils_commands:/home/darhf/implementacion_robotica/lectura_camara/camara/install/camara/lib/python3.10/site-packages:${PYTHONPATH} /usr/bin/python3 -W ignore:setup.py install is deprecated -W ignore:easy_install command is deprecated setup.py egg_info --egg-base ../../build/camara build --build-base /home/darhf/implementacion_robotica/lectura_camara/camara/build/camara/build install --record /home/darhf/implementacion_robotica/lectura_camara/camara/build/camara/install.log --single-version-externally-managed install_data
[0.858s] running egg_info
[0.858s] writing ../../build/camara/camara.egg-info/PKG-INFO
[0.858s] writing dependency_links to ../../build/camara/camara.egg-info/dependency_links.txt
[0.858s] writing entry points to ../../build/camara/camara.egg-info/entry_points.txt
[0.858s] writing requirements to ../../build/camara/camara.egg-info/requires.txt
[0.859s] writing top-level names to ../../build/camara/camara.egg-info/top_level.txt
[0.860s] reading manifest file '../../build/camara/camara.egg-info/SOURCES.txt'
[0.861s] writing manifest file '../../build/camara/camara.egg-info/SOURCES.txt'
[0.861s] running build
[0.861s] running build_py
[0.861s] copying camara/simple_subscriber.py -> /home/darhf/implementacion_robotica/lectura_camara/camara/build/camara/build/lib/camara
[0.861s] copying camara/simple_publisher.py -> /home/darhf/implementacion_robotica/lectura_camara/camara/build/camara/build/lib/camara
[0.861s] copying camara/camera_publisher.py -> /home/darhf/implementacion_robotica/lectura_camara/camara/build/camara/build/lib/camara
[0.861s] copying camara/camera_subscriber.py -> /home/darhf/implementacion_robotica/lectura_camara/camara/build/camara/build/lib/camara
[0.862s] running install
[0.862s] running install_lib
[0.863s] copying /home/darhf/implementacion_robotica/lectura_camara/camara/build/camara/build/lib/camara/simple_subscriber.py -> /home/darhf/implementacion_robotica/lectura_camara/camara/install/camara/lib/python3.10/site-packages/camara
[0.863s] copying /home/darhf/implementacion_robotica/lectura_camara/camara/build/camara/build/lib/camara/simple_publisher.py -> /home/darhf/implementacion_robotica/lectura_camara/camara/install/camara/lib/python3.10/site-packages/camara
[0.863s] copying /home/darhf/implementacion_robotica/lectura_camara/camara/build/camara/build/lib/camara/camera_publisher.py -> /home/darhf/implementacion_robotica/lectura_camara/camara/install/camara/lib/python3.10/site-packages/camara
[0.863s] copying /home/darhf/implementacion_robotica/lectura_camara/camara/build/camara/build/lib/camara/camera_subscriber.py -> /home/darhf/implementacion_robotica/lectura_camara/camara/install/camara/lib/python3.10/site-packages/camara
[0.863s] byte-compiling /home/darhf/implementacion_robotica/lectura_camara/camara/install/camara/lib/python3.10/site-packages/camara/simple_subscriber.py to simple_subscriber.cpython-310.pyc
[0.864s] byte-compiling /home/darhf/implementacion_robotica/lectura_camara/camara/install/camara/lib/python3.10/site-packages/camara/simple_publisher.py to simple_publisher.cpython-310.pyc
[0.864s] byte-compiling /home/darhf/implementacion_robotica/lectura_camara/camara/install/camara/lib/python3.10/site-packages/camara/camera_publisher.py to camera_publisher.cpython-310.pyc
[0.865s] byte-compiling /home/darhf/implementacion_robotica/lectura_camara/camara/install/camara/lib/python3.10/site-packages/camara/camera_subscriber.py to camera_subscriber.cpython-310.pyc
[0.865s] running install_data
[0.865s] copying package.xml -> /home/darhf/implementacion_robotica/lectura_camara/camara/install/camara/share/camara
[0.865s] running install_egg_info
[0.867s] removing '/home/darhf/implementacion_robotica/lectura_camara/camara/install/camara/lib/python3.10/site-packages/camara-0.0.0-py3.10.egg-info' (and everything under it)
[0.868s] Copying ../../build/camara/camara.egg-info to /home/darhf/implementacion_robotica/lectura_camara/camara/install/camara/lib/python3.10/site-packages/camara-0.0.0-py3.10.egg-info
[0.868s] running install_scripts
[0.889s] Installing camera_publisher script to /home/darhf/implementacion_robotica/lectura_camara/camara/install/camara/lib/camara
[0.889s] Installing camera_subscriber script to /home/darhf/implementacion_robotica/lectura_camara/camara/install/camara/lib/camara
[0.889s] Installing simple_publisher script to /home/darhf/implementacion_robotica/lectura_camara/camara/install/camara/lib/camara
[0.890s] Installing simple_subscriber script to /home/darhf/implementacion_robotica/lectura_camara/camara/install/camara/lib/camara
[0.890s] writing list of installed files to '/home/darhf/implementacion_robotica/lectura_camara/camara/build/camara/install.log'
[0.943s] Invoked command in '/home/darhf/implementacion_robotica/lectura_camara/camara/src/camara' returned '0': PYTHONPATH=/home/darhf/implementacion_robotica/lectura_camara/camara/build/camara/prefix_override:/usr/lib/python3/dist-packages/colcon_core/task/python/colcon_distutils_commands:/home/darhf/implementacion_robotica/lectura_camara/camara/install/camara/lib/python3.10/site-packages:${PYTHONPATH} /usr/bin/python3 -W ignore:setup.py install is deprecated -W ignore:easy_install command is deprecated setup.py egg_info --egg-base ../../build/camara build --build-base /home/darhf/implementacion_robotica/lectura_camara/camara/build/camara/build install --record /home/darhf/implementacion_robotica/lectura_camara/camara/build/camara/install.log --single-version-externally-managed install_data
