[0.663s] Invoking command in '/home/darhf/Manchester/camara/lectura_camara/camara/src/camara': PYTHONPATH=/home/darhf/Manchester/camara/lectura_camara/camara/build/camara/prefix_override:/usr/lib/python3/dist-packages/colcon_core/task/python/colcon_distutils_commands:/home/darhf/Manchester/camara/lectura_camara/camara/install/camara/lib/python3.10/site-packages:${PYTHONPATH} /usr/bin/python3 -W ignore:setup.py install is deprecated -W ignore:easy_install command is deprecated setup.py egg_info --egg-base ../../build/camara build --build-base /home/darhf/Manchester/camara/lectura_camara/camara/build/camara/build install --record /home/darhf/Manchester/camara/lectura_camara/camara/build/camara/install.log --single-version-externally-managed install_data
[0.883s] running egg_info
[0.883s] writing ../../build/camara/camara.egg-info/PKG-INFO
[0.884s] writing dependency_links to ../../build/camara/camara.egg-info/dependency_links.txt
[0.884s] writing entry points to ../../build/camara/camara.egg-info/entry_points.txt
[0.884s] writing requirements to ../../build/camara/camara.egg-info/requires.txt
[0.884s] writing top-level names to ../../build/camara/camara.egg-info/top_level.txt
[0.886s] reading manifest file '../../build/camara/camara.egg-info/SOURCES.txt'
[0.887s] writing manifest file '../../build/camara/camara.egg-info/SOURCES.txt'
[0.887s] running build
[0.887s] running build_py
[0.887s] copying camara/camera_publisher.py -> /home/darhf/Manchester/camara/lectura_camara/camara/build/camara/build/lib/camara
[0.888s] running install
[0.888s] running install_lib
[0.889s] copying /home/darhf/Manchester/camara/lectura_camara/camara/build/camara/build/lib/camara/camera_publisher.py -> /home/darhf/Manchester/camara/lectura_camara/camara/install/camara/lib/python3.10/site-packages/camara
[0.890s] byte-compiling /home/darhf/Manchester/camara/lectura_camara/camara/install/camara/lib/python3.10/site-packages/camara/camera_publisher.py to camera_publisher.cpython-310.pyc
[0.891s] running install_data
[0.891s] running install_egg_info
[0.893s] removing '/home/darhf/Manchester/camara/lectura_camara/camara/install/camara/lib/python3.10/site-packages/camara-0.0.0-py3.10.egg-info' (and everything under it)
[0.893s] Copying ../../build/camara/camara.egg-info to /home/darhf/Manchester/camara/lectura_camara/camara/install/camara/lib/python3.10/site-packages/camara-0.0.0-py3.10.egg-info
[0.894s] running install_scripts
[0.916s] Installing camera_publisher script to /home/darhf/Manchester/camara/lectura_camara/camara/install/camara/lib/camara
[0.916s] Installing camera_subscriber script to /home/darhf/Manchester/camara/lectura_camara/camara/install/camara/lib/camara
[0.916s] Installing simple_publisher script to /home/darhf/Manchester/camara/lectura_camara/camara/install/camara/lib/camara
[0.916s] Installing simple_subscriber script to /home/darhf/Manchester/camara/lectura_camara/camara/install/camara/lib/camara
[0.916s] writing list of installed files to '/home/darhf/Manchester/camara/lectura_camara/camara/build/camara/install.log'
[0.974s] Invoked command in '/home/darhf/Manchester/camara/lectura_camara/camara/src/camara' returned '0': PYTHONPATH=/home/darhf/Manchester/camara/lectura_camara/camara/build/camara/prefix_override:/usr/lib/python3/dist-packages/colcon_core/task/python/colcon_distutils_commands:/home/darhf/Manchester/camara/lectura_camara/camara/install/camara/lib/python3.10/site-packages:${PYTHONPATH} /usr/bin/python3 -W ignore:setup.py install is deprecated -W ignore:easy_install command is deprecated setup.py egg_info --egg-base ../../build/camara build --build-base /home/darhf/Manchester/camara/lectura_camara/camara/build/camara/build install --record /home/darhf/Manchester/camara/lectura_camara/camara/build/camara/install.log --single-version-externally-managed install_data
