running egg_info
creating ../../build/camara/camara.egg-info
writing ../../build/camara/camara.egg-info/PKG-INFO
writing dependency_links to ../../build/camara/camara.egg-info/dependency_links.txt
writing entry points to ../../build/camara/camara.egg-info/entry_points.txt
writing requirements to ../../build/camara/camara.egg-info/requires.txt
writing top-level names to ../../build/camara/camara.egg-info/top_level.txt
writing manifest file '../../build/camara/camara.egg-info/SOURCES.txt'
reading manifest file '../../build/camara/camara.egg-info/SOURCES.txt'
writing manifest file '../../build/camara/camara.egg-info/SOURCES.txt'
running build
running build_py
creating /home/puzzlebot/Fantastic4/src/Camara/build/camara/build
creating /home/puzzlebot/Fantastic4/src/Camara/build/camara/build/lib
creating /home/puzzlebot/Fantastic4/src/Camara/build/camara/build/lib/camara
copying camara/simple_publisher.py -> /home/puzzlebot/Fantastic4/src/Camara/build/camara/build/lib/camara
copying camara/__init__.py -> /home/puzzlebot/Fantastic4/src/Camara/build/camara/build/lib/camara
copying camara/camera_subscriber.py -> /home/puzzlebot/Fantastic4/src/Camara/build/camara/build/lib/camara
copying camara/camera_publisher.py -> /home/puzzlebot/Fantastic4/src/Camara/build/camara/build/lib/camara
copying camara/simple_subscriber.py -> /home/puzzlebot/Fantastic4/src/Camara/build/camara/build/lib/camara
running install
running install_lib
creating /home/puzzlebot/Fantastic4/src/Camara/install/camara/lib/python3.8/site-packages/camara
copying /home/puzzlebot/Fantastic4/src/Camara/build/camara/build/lib/camara/simple_publisher.py -> /home/puzzlebot/Fantastic4/src/Camara/install/camara/lib/python3.8/site-packages/camara
copying /home/puzzlebot/Fantastic4/src/Camara/build/camara/build/lib/camara/__init__.py -> /home/puzzlebot/Fantastic4/src/Camara/install/camara/lib/python3.8/site-packages/camara
copying /home/puzzlebot/Fantastic4/src/Camara/build/camara/build/lib/camara/camera_subscriber.py -> /home/puzzlebot/Fantastic4/src/Camara/install/camara/lib/python3.8/site-packages/camara
copying /home/puzzlebot/Fantastic4/src/Camara/build/camara/build/lib/camara/camera_publisher.py -> /home/puzzlebot/Fantastic4/src/Camara/install/camara/lib/python3.8/site-packages/camara
copying /home/puzzlebot/Fantastic4/src/Camara/build/camara/build/lib/camara/simple_subscriber.py -> /home/puzzlebot/Fantastic4/src/Camara/install/camara/lib/python3.8/site-packages/camara
byte-compiling /home/puzzlebot/Fantastic4/src/Camara/install/camara/lib/python3.8/site-packages/camara/simple_publisher.py to simple_publisher.cpython-38.pyc
byte-compiling /home/puzzlebot/Fantastic4/src/Camara/install/camara/lib/python3.8/site-packages/camara/__init__.py to __init__.cpython-38.pyc
byte-compiling /home/puzzlebot/Fantastic4/src/Camara/install/camara/lib/python3.8/site-packages/camara/camera_subscriber.py to camera_subscriber.cpython-38.pyc
byte-compiling /home/puzzlebot/Fantastic4/src/Camara/install/camara/lib/python3.8/site-packages/camara/camera_publisher.py to camera_publisher.cpython-38.pyc
byte-compiling /home/puzzlebot/Fantastic4/src/Camara/install/camara/lib/python3.8/site-packages/camara/simple_subscriber.py to simple_subscriber.cpython-38.pyc
running install_data
creating /home/puzzlebot/Fantastic4/src/Camara/install/camara/share/ament_index
creating /home/puzzlebot/Fantastic4/src/Camara/install/camara/share/ament_index/resource_index
creating /home/puzzlebot/Fantastic4/src/Camara/install/camara/share/ament_index/resource_index/packages
copying resource/camara -> /home/puzzlebot/Fantastic4/src/Camara/install/camara/share/ament_index/resource_index/packages
copying package.xml -> /home/puzzlebot/Fantastic4/src/Camara/install/camara/share/camara
running install_egg_info
Copying ../../build/camara/camara.egg-info to /home/puzzlebot/Fantastic4/src/Camara/install/camara/lib/python3.8/site-packages/camara-0.0.0-py3.8.egg-info
running install_scripts
Installing camera_publisher script to /home/puzzlebot/Fantastic4/src/Camara/install/camara/lib/camara
Installing camera_subscriber script to /home/puzzlebot/Fantastic4/src/Camara/install/camara/lib/camara
Installing simple_publisher script to /home/puzzlebot/Fantastic4/src/Camara/install/camara/lib/camara
Installing simple_subscriber script to /home/puzzlebot/Fantastic4/src/Camara/install/camara/lib/camara
writing list of installed files to '/home/puzzlebot/Fantastic4/src/Camara/build/camara/install.log'
