[6.408s] Invoking command in '/home/puzzlebot/Fantastic4/src/Camara/src/camara': PYTHONPATH=/home/puzzlebot/Fantastic4/src/Camara/build/camara/prefix_override:/home/puzzlebot/Fantastic4/src/Camara/install/camara/lib/python3.8/site-packages:${PYTHONPATH} /usr/bin/python3 setup.py egg_info --egg-base ../../build/camara build --build-base /home/puzzlebot/Fantastic4/src/Camara/build/camara/build install --record /home/puzzlebot/Fantastic4/src/Camara/build/camara/install.log --single-version-externally-managed
[7.460s] running egg_info
[7.462s] creating ../../build/camara/camara.egg-info
[7.463s] writing ../../build/camara/camara.egg-info/PKG-INFO
[7.463s] writing dependency_links to ../../build/camara/camara.egg-info/dependency_links.txt
[7.464s] writing entry points to ../../build/camara/camara.egg-info/entry_points.txt
[7.464s] writing requirements to ../../build/camara/camara.egg-info/requires.txt
[7.465s] writing top-level names to ../../build/camara/camara.egg-info/top_level.txt
[7.465s] writing manifest file '../../build/camara/camara.egg-info/SOURCES.txt'
[7.618s] reading manifest file '../../build/camara/camara.egg-info/SOURCES.txt'
[7.621s] writing manifest file '../../build/camara/camara.egg-info/SOURCES.txt'
[7.621s] running build
[7.622s] running build_py
[7.623s] creating /home/puzzlebot/Fantastic4/src/Camara/build/camara/build
[7.623s] creating /home/puzzlebot/Fantastic4/src/Camara/build/camara/build/lib
[7.624s] creating /home/puzzlebot/Fantastic4/src/Camara/build/camara/build/lib/camara
[7.624s] copying camara/simple_publisher.py -> /home/puzzlebot/Fantastic4/src/Camara/build/camara/build/lib/camara
[7.624s] copying camara/__init__.py -> /home/puzzlebot/Fantastic4/src/Camara/build/camara/build/lib/camara
[7.625s] copying camara/camera_subscriber.py -> /home/puzzlebot/Fantastic4/src/Camara/build/camara/build/lib/camara
[7.625s] copying camara/camera_publisher.py -> /home/puzzlebot/Fantastic4/src/Camara/build/camara/build/lib/camara
[7.625s] copying camara/simple_subscriber.py -> /home/puzzlebot/Fantastic4/src/Camara/build/camara/build/lib/camara
[7.626s] running install
[7.628s] running install_lib
[7.632s] creating /home/puzzlebot/Fantastic4/src/Camara/install/camara/lib/python3.8/site-packages/camara
[7.632s] copying /home/puzzlebot/Fantastic4/src/Camara/build/camara/build/lib/camara/simple_publisher.py -> /home/puzzlebot/Fantastic4/src/Camara/install/camara/lib/python3.8/site-packages/camara
[7.633s] copying /home/puzzlebot/Fantastic4/src/Camara/build/camara/build/lib/camara/__init__.py -> /home/puzzlebot/Fantastic4/src/Camara/install/camara/lib/python3.8/site-packages/camara
[7.633s] copying /home/puzzlebot/Fantastic4/src/Camara/build/camara/build/lib/camara/camera_subscriber.py -> /home/puzzlebot/Fantastic4/src/Camara/install/camara/lib/python3.8/site-packages/camara
[7.634s] copying /home/puzzlebot/Fantastic4/src/Camara/build/camara/build/lib/camara/camera_publisher.py -> /home/puzzlebot/Fantastic4/src/Camara/install/camara/lib/python3.8/site-packages/camara
[7.634s] copying /home/puzzlebot/Fantastic4/src/Camara/build/camara/build/lib/camara/simple_subscriber.py -> /home/puzzlebot/Fantastic4/src/Camara/install/camara/lib/python3.8/site-packages/camara
[7.636s] byte-compiling /home/puzzlebot/Fantastic4/src/Camara/install/camara/lib/python3.8/site-packages/camara/simple_publisher.py to simple_publisher.cpython-38.pyc
[7.641s] byte-compiling /home/puzzlebot/Fantastic4/src/Camara/install/camara/lib/python3.8/site-packages/camara/__init__.py to __init__.cpython-38.pyc
[7.642s] byte-compiling /home/puzzlebot/Fantastic4/src/Camara/install/camara/lib/python3.8/site-packages/camara/camera_subscriber.py to camera_subscriber.cpython-38.pyc
[7.644s] byte-compiling /home/puzzlebot/Fantastic4/src/Camara/install/camara/lib/python3.8/site-packages/camara/camera_publisher.py to camera_publisher.cpython-38.pyc
[7.645s] byte-compiling /home/puzzlebot/Fantastic4/src/Camara/install/camara/lib/python3.8/site-packages/camara/simple_subscriber.py to simple_subscriber.cpython-38.pyc
[7.646s] running install_data
[7.649s] creating /home/puzzlebot/Fantastic4/src/Camara/install/camara/share/ament_index
[7.649s] creating /home/puzzlebot/Fantastic4/src/Camara/install/camara/share/ament_index/resource_index
[7.650s] creating /home/puzzlebot/Fantastic4/src/Camara/install/camara/share/ament_index/resource_index/packages
[7.650s] copying resource/camara -> /home/puzzlebot/Fantastic4/src/Camara/install/camara/share/ament_index/resource_index/packages
[7.650s] copying package.xml -> /home/puzzlebot/Fantastic4/src/Camara/install/camara/share/camara
[7.651s] running install_egg_info
[7.658s] Copying ../../build/camara/camara.egg-info to /home/puzzlebot/Fantastic4/src/Camara/install/camara/lib/python3.8/site-packages/camara-0.0.0-py3.8.egg-info
[7.661s] running install_scripts
[7.727s] Installing camera_publisher script to /home/puzzlebot/Fantastic4/src/Camara/install/camara/lib/camara
[7.728s] Installing camera_subscriber script to /home/puzzlebot/Fantastic4/src/Camara/install/camara/lib/camara
[7.728s] Installing simple_publisher script to /home/puzzlebot/Fantastic4/src/Camara/install/camara/lib/camara
[7.728s] Installing simple_subscriber script to /home/puzzlebot/Fantastic4/src/Camara/install/camara/lib/camara
[7.729s] writing list of installed files to '/home/puzzlebot/Fantastic4/src/Camara/build/camara/install.log'
[7.822s] Invoked command in '/home/puzzlebot/Fantastic4/src/Camara/src/camara' returned '0': PYTHONPATH=/home/puzzlebot/Fantastic4/src/Camara/build/camara/prefix_override:/home/puzzlebot/Fantastic4/src/Camara/install/camara/lib/python3.8/site-packages:${PYTHONPATH} /usr/bin/python3 setup.py egg_info --egg-base ../../build/camara build --build-base /home/puzzlebot/Fantastic4/src/Camara/build/camara/build install --record /home/puzzlebot/Fantastic4/src/Camara/build/camara/install.log --single-version-externally-managed
