[6.462s] Invoking command in '/home/puzzlebot/Fantastic4/src/Camara/src/camara': PYTHONPATH=/home/puzzlebot/Fantastic4/src/Camara/build/camara/prefix_override:/home/puzzlebot/Fantastic4/src/Camara/install/camara/lib/python3.8/site-packages:${PYTHONPATH} /usr/bin/python3 setup.py egg_info --egg-base ../../build/camara build --build-base /home/puzzlebot/Fantastic4/src/Camara/build/camara/build install --record /home/puzzlebot/Fantastic4/src/Camara/build/camara/install.log --single-version-externally-managed
[7.515s] running egg_info
[7.518s] writing ../../build/camara/camara.egg-info/PKG-INFO
[7.518s] writing dependency_links to ../../build/camara/camara.egg-info/dependency_links.txt
[7.519s] writing entry points to ../../build/camara/camara.egg-info/entry_points.txt
[7.520s] writing requirements to ../../build/camara/camara.egg-info/requires.txt
[7.520s] writing top-level names to ../../build/camara/camara.egg-info/top_level.txt
[7.673s] reading manifest file '../../build/camara/camara.egg-info/SOURCES.txt'
[7.677s] writing manifest file '../../build/camara/camara.egg-info/SOURCES.txt'
[7.678s] running build
[7.679s] running build_py
[7.679s] copying camara/camera_subscriber.py -> /home/puzzlebot/Fantastic4/src/Camara/build/camara/build/lib/camara
[7.680s] running install
[7.683s] running install_lib
[7.687s] copying /home/puzzlebot/Fantastic4/src/Camara/build/camara/build/lib/camara/camera_subscriber.py -> /home/puzzlebot/Fantastic4/src/Camara/install/camara/lib/python3.8/site-packages/camara
[7.690s] byte-compiling /home/puzzlebot/Fantastic4/src/Camara/install/camara/lib/python3.8/site-packages/camara/camera_subscriber.py to camera_subscriber.cpython-38.pyc
[7.696s] running install_data
[7.699s] running install_egg_info
[7.706s] removing '/home/puzzlebot/Fantastic4/src/Camara/install/camara/lib/python3.8/site-packages/camara-0.0.0-py3.8.egg-info' (and everything under it)
[7.707s] Copying ../../build/camara/camara.egg-info to /home/puzzlebot/Fantastic4/src/Camara/install/camara/lib/python3.8/site-packages/camara-0.0.0-py3.8.egg-info
[7.710s] running install_scripts
[7.776s] Installing camera_publisher script to /home/puzzlebot/Fantastic4/src/Camara/install/camara/lib/camara
[7.777s] Installing camera_subscriber script to /home/puzzlebot/Fantastic4/src/Camara/install/camara/lib/camara
[7.778s] Installing simple_publisher script to /home/puzzlebot/Fantastic4/src/Camara/install/camara/lib/camara
[7.778s] Installing simple_subscriber script to /home/puzzlebot/Fantastic4/src/Camara/install/camara/lib/camara
[7.779s] writing list of installed files to '/home/puzzlebot/Fantastic4/src/Camara/build/camara/install.log'
[7.872s] Invoked command in '/home/puzzlebot/Fantastic4/src/Camara/src/camara' returned '0': PYTHONPATH=/home/puzzlebot/Fantastic4/src/Camara/build/camara/prefix_override:/home/puzzlebot/Fantastic4/src/Camara/install/camara/lib/python3.8/site-packages:${PYTHONPATH} /usr/bin/python3 setup.py egg_info --egg-base ../../build/camara build --build-base /home/puzzlebot/Fantastic4/src/Camara/build/camara/build install --record /home/puzzlebot/Fantastic4/src/Camara/build/camara/install.log --single-version-externally-managed
