[0.646s] Invoking command in '/home/darhf/Manchester/camara/lectura_camara/camara/src/camara': PYTHONPATH=/home/darhf/Manchester/camara/lectura_camara/camara/build/camara/prefix_override:/usr/lib/python3/dist-packages/colcon_core/task/python/colcon_distutils_commands:/home/darhf/Manchester/camara/lectura_camara/camara/install/camara/lib/python3.10/site-packages:${PYTHONPATH} /usr/bin/python3 -W ignore:setup.py install is deprecated -W ignore:easy_install command is deprecated setup.py egg_info --egg-base ../../build/camara build --build-base /home/darhf/Manchester/camara/lectura_camara/camara/build/camara/build install --record /home/darhf/Manchester/camara/lectura_camara/camara/build/camara/install.log --single-version-externally-managed install_data
[0.863s] running egg_info
[0.863s] writing ../../build/camara/camara.egg-info/PKG-INFO
[0.863s] writing dependency_links to ../../build/camara/camara.egg-info/dependency_links.txt
[0.863s] writing entry points to ../../build/camara/camara.egg-info/entry_points.txt
[0.864s] writing requirements to ../../build/camara/camara.egg-info/requires.txt
[0.864s] writing top-level names to ../../build/camara/camara.egg-info/top_level.txt
[0.865s] reading manifest file '../../build/camara/camara.egg-info/SOURCES.txt'
[0.866s] writing manifest file '../../build/camara/camara.egg-info/SOURCES.txt'
[0.866s] running build
[0.866s] running build_py
[0.867s] running install
[0.867s] running install_lib
[0.868s] running install_data
[0.868s] running install_egg_info
[0.870s] removing '/home/darhf/Manchester/camara/lectura_camara/camara/install/camara/lib/python3.10/site-packages/camara-0.0.0-py3.10.egg-info' (and everything under it)
[0.870s] Copying ../../build/camara/camara.egg-info to /home/darhf/Manchester/camara/lectura_camara/camara/install/camara/lib/python3.10/site-packages/camara-0.0.0-py3.10.egg-info
[0.871s] running install_scripts
[0.891s] Installing camera_publisher script to /home/darhf/Manchester/camara/lectura_camara/camara/install/camara/lib/camara
[0.891s] Installing camera_subscriber script to /home/darhf/Manchester/camara/lectura_camara/camara/install/camara/lib/camara
[0.891s] Installing simple_publisher script to /home/darhf/Manchester/camara/lectura_camara/camara/install/camara/lib/camara
[0.891s] Installing simple_subscriber script to /home/darhf/Manchester/camara/lectura_camara/camara/install/camara/lib/camara
[0.891s] writing list of installed files to '/home/darhf/Manchester/camara/lectura_camara/camara/build/camara/install.log'
[0.933s] Invoked command in '/home/darhf/Manchester/camara/lectura_camara/camara/src/camara' returned '0': PYTHONPATH=/home/darhf/Manchester/camara/lectura_camara/camara/build/camara/prefix_override:/usr/lib/python3/dist-packages/colcon_core/task/python/colcon_distutils_commands:/home/darhf/Manchester/camara/lectura_camara/camara/install/camara/lib/python3.10/site-packages:${PYTHONPATH} /usr/bin/python3 -W ignore:setup.py install is deprecated -W ignore:easy_install command is deprecated setup.py egg_info --egg-base ../../build/camara build --build-base /home/darhf/Manchester/camara/lectura_camara/camara/build/camara/build install --record /home/darhf/Manchester/camara/lectura_camara/camara/build/camara/install.log --single-version-externally-managed install_data
