/home/puzzlebot/ros2_ws/src/Fantastic4/Camara/install/camara/lib/python3.8/site-packages/camara/simple_publisher.py
/home/puzzlebot/ros2_ws/src/Fantastic4/Camara/install/camara/lib/python3.8/site-packages/camara/__init__.py
/home/puzzlebot/ros2_ws/src/Fantastic4/Camara/install/camara/lib/python3.8/site-packages/camara/camera_subscriber.py
/home/puzzlebot/ros2_ws/src/Fantastic4/Camara/install/camara/lib/python3.8/site-packages/camara/camera_color_detector.py
/home/puzzlebot/ros2_ws/src/Fantastic4/Camara/install/camara/lib/python3.8/site-packages/camara/camera_publisher.py
/home/puzzlebot/ros2_ws/src/Fantastic4/Camara/install/camara/lib/python3.8/site-packages/camara/simple_subscriber.py
/home/puzzlebot/ros2_ws/src/Fantastic4/Camara/install/camara/lib/python3.8/site-packages/camara/__pycache__/simple_publisher.cpython-38.pyc
/home/puzzlebot/ros2_ws/src/Fantastic4/Camara/install/camara/lib/python3.8/site-packages/camara/__pycache__/__init__.cpython-38.pyc
/home/puzzlebot/ros2_ws/src/Fantastic4/Camara/install/camara/lib/python3.8/site-packages/camara/__pycache__/camera_subscriber.cpython-38.pyc
/home/puzzlebot/ros2_ws/src/Fantastic4/Camara/install/camara/lib/python3.8/site-packages/camara/__pycache__/camera_color_detector.cpython-38.pyc
/home/puzzlebot/ros2_ws/src/Fantastic4/Camara/install/camara/lib/python3.8/site-packages/camara/__pycache__/camera_publisher.cpython-38.pyc
/home/puzzlebot/ros2_ws/src/Fantastic4/Camara/install/camara/lib/python3.8/site-packages/camara/__pycache__/simple_subscriber.cpython-38.pyc
/home/puzzlebot/ros2_ws/src/Fantastic4/Camara/install/camara/share/ament_index/resource_index/packages/camara
/home/puzzlebot/ros2_ws/src/Fantastic4/Camara/install/camara/share/camara/package.xml
/home/puzzlebot/ros2_ws/src/Fantastic4/Camara/install/camara/lib/python3.8/site-packages/camara-0.0.0-py3.8.egg-info/top_level.txt
/home/puzzlebot/ros2_ws/src/Fantastic4/Camara/install/camara/lib/python3.8/site-packages/camara-0.0.0-py3.8.egg-info/requires.txt
/home/puzzlebot/ros2_ws/src/Fantastic4/Camara/install/camara/lib/python3.8/site-packages/camara-0.0.0-py3.8.egg-info/PKG-INFO
/home/puzzlebot/ros2_ws/src/Fantastic4/Camara/install/camara/lib/python3.8/site-packages/camara-0.0.0-py3.8.egg-info/entry_points.txt
/home/puzzlebot/ros2_ws/src/Fantastic4/Camara/install/camara/lib/python3.8/site-packages/camara-0.0.0-py3.8.egg-info/zip-safe
/home/puzzlebot/ros2_ws/src/Fantastic4/Camara/install/camara/lib/python3.8/site-packages/camara-0.0.0-py3.8.egg-info/SOURCES.txt
/home/puzzlebot/ros2_ws/src/Fantastic4/Camara/install/camara/lib/python3.8/site-packages/camara-0.0.0-py3.8.egg-info/dependency_links.txt
/home/puzzlebot/ros2_ws/src/Fantastic4/Camara/install/camara/lib/camara/camera_publisher
/home/puzzlebot/ros2_ws/src/Fantastic4/Camara/install/camara/lib/camara/camera_subscriber
/home/puzzlebot/ros2_ws/src/Fantastic4/Camara/install/camara/lib/camara/color_detector
/home/puzzlebot/ros2_ws/src/Fantastic4/Camara/install/camara/lib/camara/simple_publisher
/home/puzzlebot/ros2_ws/src/Fantastic4/Camara/install/camara/lib/camara/simple_subscriber
