running egg_info
creating ../../build/camara/camara.egg-info
writing ../../build/camara/camara.egg-info/PKG-INFO
writing dependency_links to ../../build/camara/camara.egg-info/dependency_links.txt
writing entry points to ../../build/camara/camara.egg-info/entry_points.txt
writing requirements to ../../build/camara/camara.egg-info/requires.txt
writing top-level names to ../../build/camara/camara.egg-info/top_level.txt
writing manifest file '../../build/camara/camara.egg-info/SOURCES.txt'
reading manifest file '../../build/camara/camara.egg-info/SOURCES.txt'
writing manifest file '../../build/camara/camara.egg-info/SOURCES.txt'
running build
running build_py
creating /home/darhf/implementacion_robotica/lectura_camara/camara/build/camara/build
creating /home/darhf/implementacion_robotica/lectura_camara/camara/build/camara/build/lib
creating /home/darhf/implementacion_robotica/lectura_camara/camara/build/camara/build/lib/camara
copying camara/__init__.py -> /home/darhf/implementacion_robotica/lectura_camara/camara/build/camara/build/lib/camara
running install
running install_lib
creating /home/darhf/implementacion_robotica/lectura_camara/camara/install/camara/lib/python3.10/site-packages/camara
copying /home/darhf/implementacion_robotica/lectura_camara/camara/build/camara/build/lib/camara/__init__.py -> /home/darhf/implementacion_robotica/lectura_camara/camara/install/camara/lib/python3.10/site-packages/camara
byte-compiling /home/darhf/implementacion_robotica/lectura_camara/camara/install/camara/lib/python3.10/site-packages/camara/__init__.py to __init__.cpython-310.pyc
running install_data
creating /home/darhf/implementacion_robotica/lectura_camara/camara/install/camara/share/ament_index
creating /home/darhf/implementacion_robotica/lectura_camara/camara/install/camara/share/ament_index/resource_index
creating /home/darhf/implementacion_robotica/lectura_camara/camara/install/camara/share/ament_index/resource_index/packages
copying resource/camara -> /home/darhf/implementacion_robotica/lectura_camara/camara/install/camara/share/ament_index/resource_index/packages
copying package.xml -> /home/darhf/implementacion_robotica/lectura_camara/camara/install/camara/share/camara
running install_egg_info
Copying ../../build/camara/camara.egg-info to /home/darhf/implementacion_robotica/lectura_camara/camara/install/camara/lib/python3.10/site-packages/camara-0.0.0-py3.10.egg-info
running install_scripts
writing list of installed files to '/home/darhf/implementacion_robotica/lectura_camara/camara/build/camara/install.log'
