[0.705s] Invoking command in '/home/darhf/implementacion_robotica/lectura_camara/camara/src/camara': PYTHONPATH=/home/darhf/implementacion_robotica/lectura_camara/camara/build/camara/prefix_override:/usr/lib/python3/dist-packages/colcon_core/task/python/colcon_distutils_commands:/home/darhf/implementacion_robotica/lectura_camara/camara/install/camara/lib/python3.10/site-packages:${PYTHONPATH} /usr/bin/python3 -W ignore:setup.py install is deprecated -W ignore:easy_install command is deprecated setup.py egg_info --egg-base ../../build/camara build --build-base /home/darhf/implementacion_robotica/lectura_camara/camara/build/camara/build install --record /home/darhf/implementacion_robotica/lectura_camara/camara/build/camara/install.log --single-version-externally-managed install_data
[0.924s] running egg_info
[0.924s] creating ../../build/camara/camara.egg-info
[0.924s] writing ../../build/camara/camara.egg-info/PKG-INFO
[0.925s] writing dependency_links to ../../build/camara/camara.egg-info/dependency_links.txt
[0.925s] writing entry points to ../../build/camara/camara.egg-info/entry_points.txt
[0.925s] writing requirements to ../../build/camara/camara.egg-info/requires.txt
[0.925s] writing top-level names to ../../build/camara/camara.egg-info/top_level.txt
[0.925s] writing manifest file '../../build/camara/camara.egg-info/SOURCES.txt'
[0.927s] reading manifest file '../../build/camara/camara.egg-info/SOURCES.txt'
[0.927s] writing manifest file '../../build/camara/camara.egg-info/SOURCES.txt'
[0.928s] running build
[0.928s] running build_py
[0.928s] creating /home/darhf/implementacion_robotica/lectura_camara/camara/build/camara/build
[0.928s] creating /home/darhf/implementacion_robotica/lectura_camara/camara/build/camara/build/lib
[0.928s] creating /home/darhf/implementacion_robotica/lectura_camara/camara/build/camara/build/lib/camara
[0.928s] copying camara/__init__.py -> /home/darhf/implementacion_robotica/lectura_camara/camara/build/camara/build/lib/camara
[0.928s] running install
[0.928s] running install_lib
[0.929s] creating /home/darhf/implementacion_robotica/lectura_camara/camara/install/camara/lib/python3.10/site-packages/camara
[0.929s] copying /home/darhf/implementacion_robotica/lectura_camara/camara/build/camara/build/lib/camara/__init__.py -> /home/darhf/implementacion_robotica/lectura_camara/camara/install/camara/lib/python3.10/site-packages/camara
[0.930s] byte-compiling /home/darhf/implementacion_robotica/lectura_camara/camara/install/camara/lib/python3.10/site-packages/camara/__init__.py to __init__.cpython-310.pyc
[0.930s] running install_data
[0.930s] creating /home/darhf/implementacion_robotica/lectura_camara/camara/install/camara/share/ament_index
[0.930s] creating /home/darhf/implementacion_robotica/lectura_camara/camara/install/camara/share/ament_index/resource_index
[0.930s] creating /home/darhf/implementacion_robotica/lectura_camara/camara/install/camara/share/ament_index/resource_index/packages
[0.930s] copying resource/camara -> /home/darhf/implementacion_robotica/lectura_camara/camara/install/camara/share/ament_index/resource_index/packages
[0.930s] copying package.xml -> /home/darhf/implementacion_robotica/lectura_camara/camara/install/camara/share/camara
[0.930s] running install_egg_info
[0.932s] Copying ../../build/camara/camara.egg-info to /home/darhf/implementacion_robotica/lectura_camara/camara/install/camara/lib/python3.10/site-packages/camara-0.0.0-py3.10.egg-info
[0.933s] running install_scripts
[0.953s] writing list of installed files to '/home/darhf/implementacion_robotica/lectura_camara/camara/build/camara/install.log'
[0.994s] Invoked command in '/home/darhf/implementacion_robotica/lectura_camara/camara/src/camara' returned '0': PYTHONPATH=/home/darhf/implementacion_robotica/lectura_camara/camara/build/camara/prefix_override:/usr/lib/python3/dist-packages/colcon_core/task/python/colcon_distutils_commands:/home/darhf/implementacion_robotica/lectura_camara/camara/install/camara/lib/python3.10/site-packages:${PYTHONPATH} /usr/bin/python3 -W ignore:setup.py install is deprecated -W ignore:easy_install command is deprecated setup.py egg_info --egg-base ../../build/camara build --build-base /home/darhf/implementacion_robotica/lectura_camara/camara/build/camara/build install --record /home/darhf/implementacion_robotica/lectura_camara/camara/build/camara/install.log --single-version-externally-managed install_data
